ARM GAS  C:\Users\lenovo\AppData\Local\Temp\ccI7ptmR.s 			page 1


   1              		.cpu cortex-m4
   2              		.arch armv7e-m
   3              		.fpu fpv4-sp-d16
   4              		.eabi_attribute 27, 1
   5              		.eabi_attribute 28, 1
   6              		.eabi_attribute 20, 1
   7              		.eabi_attribute 21, 1
   8              		.eabi_attribute 23, 3
   9              		.eabi_attribute 24, 1
  10              		.eabi_attribute 25, 1
  11              		.eabi_attribute 26, 1
  12              		.eabi_attribute 30, 1
  13              		.eabi_attribute 34, 1
  14              		.eabi_attribute 18, 4
  15              		.file	"bsp_can.c"
  16              		.text
  17              	.Ltext0:
  18              		.cfi_sections	.debug_frame
  19              		.file 1 "bsp/can/bsp_can.c"
  20              		.section	.text.CANServiceInit,"ax",%progbits
  21              		.align	1
  22              		.syntax unified
  23              		.thumb
  24              		.thumb_func
  26              	CANServiceInit:
  27              	.LFB239:
   1:bsp/can/bsp_can.c **** #include "bsp_can.h"
   2:bsp/can/bsp_can.c **** #include "main.h"
   3:bsp/can/bsp_can.c **** #include "memory.h"
   4:bsp/can/bsp_can.c **** #include "stdlib.h"
   5:bsp/can/bsp_can.c **** #include "bsp_dwt.h"
   6:bsp/can/bsp_can.c **** #include "bsp_log.h"
   7:bsp/can/bsp_can.c **** 
   8:bsp/can/bsp_can.c **** /* can instance ptrs storage, used for recv callback */
   9:bsp/can/bsp_can.c **** static CANInstance *can_instance[CAN_MX_REGISTER_CNT] = {NULL};
  10:bsp/can/bsp_can.c **** static uint8_t idx;
  11:bsp/can/bsp_can.c **** 
  12:bsp/can/bsp_can.c **** /* ----------------two static function called by CANRegister()-------------------- */
  13:bsp/can/bsp_can.c **** 
  14:bsp/can/bsp_can.c **** static void CANAddFilter(CANInstance *_instance)
  15:bsp/can/bsp_can.c **** {
  16:bsp/can/bsp_can.c ****     CAN_FilterTypeDef can_filter_conf = {0};
  17:bsp/can/bsp_can.c ****     static uint8_t can1_filter_idx = 0, can2_filter_idx = 14;
  18:bsp/can/bsp_can.c ****     uint32_t ext_id = _instance->ext_id;
  19:bsp/can/bsp_can.c **** 
  20:bsp/can/bsp_can.c ****     can_filter_conf.FilterFIFOAssignment = (_instance->rx_id & 1) ? CAN_RX_FIFO0 : CAN_RX_FIFO1;
  21:bsp/can/bsp_can.c ****     can_filter_conf.SlaveStartFilterBank = 14;
  22:bsp/can/bsp_can.c ****     can_filter_conf.FilterBank = _instance->can_handle == &hcan1 ? (can1_filter_idx++) : (can2_filt
  23:bsp/can/bsp_can.c ****     can_filter_conf.FilterActivation = CAN_FILTER_ENABLE;
  24:bsp/can/bsp_can.c **** 
  25:bsp/can/bsp_can.c ****     if (_instance->txconf.IDE == CAN_ID_EXT)
  26:bsp/can/bsp_can.c ****     {
  27:bsp/can/bsp_can.c ****         can_filter_conf.FilterMode = CAN_FILTERMODE_IDMASK;
  28:bsp/can/bsp_can.c ****         can_filter_conf.FilterScale = CAN_FILTERSCALE_32BIT;
  29:bsp/can/bsp_can.c ****         can_filter_conf.FilterIdHigh = (uint16_t)((ext_id >> 13) & 0xFFFF);
  30:bsp/can/bsp_can.c ****         can_filter_conf.FilterIdLow = (uint16_t)(((ext_id << 3) & 0xFFF8) | CAN_ID_EXT);
  31:bsp/can/bsp_can.c ****         can_filter_conf.FilterMaskIdHigh = 0xFFFF;
ARM GAS  C:\Users\lenovo\AppData\Local\Temp\ccI7ptmR.s 			page 2


  32:bsp/can/bsp_can.c ****         can_filter_conf.FilterMaskIdLow = 0xFFFC;
  33:bsp/can/bsp_can.c ****     }
  34:bsp/can/bsp_can.c ****     else
  35:bsp/can/bsp_can.c ****     {
  36:bsp/can/bsp_can.c ****         // Standard IDs use exact-match filtering to keep unrelated traffic out of the RX FIFO.
  37:bsp/can/bsp_can.c ****         can_filter_conf.FilterMode = CAN_FILTERMODE_IDLIST;
  38:bsp/can/bsp_can.c ****         can_filter_conf.FilterScale = CAN_FILTERSCALE_16BIT;
  39:bsp/can/bsp_can.c ****         can_filter_conf.FilterIdHigh = (uint16_t)(_instance->rx_id << 5);
  40:bsp/can/bsp_can.c ****         can_filter_conf.FilterIdLow = (uint16_t)(_instance->rx_id << 5);
  41:bsp/can/bsp_can.c ****         can_filter_conf.FilterMaskIdHigh = 0x0000;
  42:bsp/can/bsp_can.c ****         can_filter_conf.FilterMaskIdLow = 0x0000;
  43:bsp/can/bsp_can.c ****     }
  44:bsp/can/bsp_can.c **** 
  45:bsp/can/bsp_can.c ****     HAL_CAN_ConfigFilter(_instance->can_handle, &can_filter_conf);
  46:bsp/can/bsp_can.c **** }
  47:bsp/can/bsp_can.c **** 
  48:bsp/can/bsp_can.c **** static void CANServiceInit()
  49:bsp/can/bsp_can.c **** {
  28              		.loc 1 49 1 view -0
  29              		.cfi_startproc
  30              		@ args = 0, pretend = 0, frame = 0
  31              		@ frame_needed = 0, uses_anonymous_args = 0
  32 0000 10B5     		push	{r4, lr}
  33              	.LCFI0:
  34              		.cfi_def_cfa_offset 8
  35              		.cfi_offset 4, -8
  36              		.cfi_offset 14, -4
  50:bsp/can/bsp_can.c ****     HAL_CAN_Start(&hcan1);
  37              		.loc 1 50 5 view .LVU1
  38 0002 0C4C     		ldr	r4, .L3
  39 0004 2046     		mov	r0, r4
  40 0006 FFF7FEFF 		bl	HAL_CAN_Start
  41              	.LVL0:
  51:bsp/can/bsp_can.c ****     HAL_CAN_ActivateNotification(&hcan1, CAN_IT_RX_FIFO0_MSG_PENDING);
  42              		.loc 1 51 5 view .LVU2
  43 000a 0221     		movs	r1, #2
  44 000c 2046     		mov	r0, r4
  45 000e FFF7FEFF 		bl	HAL_CAN_ActivateNotification
  46              	.LVL1:
  52:bsp/can/bsp_can.c ****     HAL_CAN_ActivateNotification(&hcan1, CAN_IT_RX_FIFO1_MSG_PENDING);
  47              		.loc 1 52 5 view .LVU3
  48 0012 1021     		movs	r1, #16
  49 0014 2046     		mov	r0, r4
  50 0016 FFF7FEFF 		bl	HAL_CAN_ActivateNotification
  51              	.LVL2:
  53:bsp/can/bsp_can.c ****     HAL_CAN_Start(&hcan2);
  52              		.loc 1 53 5 view .LVU4
  53 001a 074C     		ldr	r4, .L3+4
  54 001c 2046     		mov	r0, r4
  55 001e FFF7FEFF 		bl	HAL_CAN_Start
  56              	.LVL3:
  54:bsp/can/bsp_can.c ****     HAL_CAN_ActivateNotification(&hcan2, CAN_IT_RX_FIFO0_MSG_PENDING);
  57              		.loc 1 54 5 view .LVU5
  58 0022 0221     		movs	r1, #2
  59 0024 2046     		mov	r0, r4
  60 0026 FFF7FEFF 		bl	HAL_CAN_ActivateNotification
  61              	.LVL4:
ARM GAS  C:\Users\lenovo\AppData\Local\Temp\ccI7ptmR.s 			page 3


  55:bsp/can/bsp_can.c ****     HAL_CAN_ActivateNotification(&hcan2, CAN_IT_RX_FIFO1_MSG_PENDING);
  62              		.loc 1 55 5 view .LVU6
  63 002a 1021     		movs	r1, #16
  64 002c 2046     		mov	r0, r4
  65 002e FFF7FEFF 		bl	HAL_CAN_ActivateNotification
  66              	.LVL5:
  56:bsp/can/bsp_can.c **** }
  67              		.loc 1 56 1 is_stmt 0 view .LVU7
  68 0032 10BD     		pop	{r4, pc}
  69              	.L4:
  70              		.align	2
  71              	.L3:
  72 0034 00000000 		.word	hcan1
  73 0038 00000000 		.word	hcan2
  74              		.cfi_endproc
  75              	.LFE239:
  77              		.section	.text.CANAddFilter,"ax",%progbits
  78              		.align	1
  79              		.syntax unified
  80              		.thumb
  81              		.thumb_func
  83              	CANAddFilter:
  84              	.LVL6:
  85              	.LFB238:
  15:bsp/can/bsp_can.c ****     CAN_FilterTypeDef can_filter_conf = {0};
  86              		.loc 1 15 1 is_stmt 1 view -0
  87              		.cfi_startproc
  88              		@ args = 0, pretend = 0, frame = 40
  89              		@ frame_needed = 0, uses_anonymous_args = 0
  15:bsp/can/bsp_can.c ****     CAN_FilterTypeDef can_filter_conf = {0};
  90              		.loc 1 15 1 is_stmt 0 view .LVU9
  91 0000 10B5     		push	{r4, lr}
  92              	.LCFI1:
  93              		.cfi_def_cfa_offset 8
  94              		.cfi_offset 4, -8
  95              		.cfi_offset 14, -4
  96 0002 8AB0     		sub	sp, sp, #40
  97              	.LCFI2:
  98              		.cfi_def_cfa_offset 48
  99 0004 0446     		mov	r4, r0
  16:bsp/can/bsp_can.c ****     static uint8_t can1_filter_idx = 0, can2_filter_idx = 14;
 100              		.loc 1 16 5 is_stmt 1 view .LVU10
  16:bsp/can/bsp_can.c ****     static uint8_t can1_filter_idx = 0, can2_filter_idx = 14;
 101              		.loc 1 16 23 is_stmt 0 view .LVU11
 102 0006 2822     		movs	r2, #40
 103 0008 0021     		movs	r1, #0
 104 000a 6846     		mov	r0, sp
 105              	.LVL7:
  16:bsp/can/bsp_can.c ****     static uint8_t can1_filter_idx = 0, can2_filter_idx = 14;
 106              		.loc 1 16 23 view .LVU12
 107 000c FFF7FEFF 		bl	memset
 108              	.LVL8:
  17:bsp/can/bsp_can.c ****     uint32_t ext_id = _instance->ext_id;
 109              		.loc 1 17 5 is_stmt 1 view .LVU13
  18:bsp/can/bsp_can.c **** 
 110              		.loc 1 18 5 view .LVU14
  18:bsp/can/bsp_can.c **** 
ARM GAS  C:\Users\lenovo\AppData\Local\Temp\ccI7ptmR.s 			page 4


 111              		.loc 1 18 14 is_stmt 0 view .LVU15
 112 0010 D4F83910 		ldr	r1, [r4, #57]	@ unaligned
 113              	.LVL9:
  20:bsp/can/bsp_can.c ****     can_filter_conf.SlaveStartFilterBank = 14;
 114              		.loc 1 20 5 is_stmt 1 view .LVU16
  20:bsp/can/bsp_can.c ****     can_filter_conf.SlaveStartFilterBank = 14;
 115              		.loc 1 20 54 is_stmt 0 view .LVU17
 116 0014 636B     		ldr	r3, [r4, #52]	@ unaligned
  20:bsp/can/bsp_can.c ****     can_filter_conf.SlaveStartFilterBank = 14;
 117              		.loc 1 20 82 view .LVU18
 118 0016 13F0010F 		tst	r3, #1
 119 001a 0CBF     		ite	eq
 120 001c 0122     		moveq	r2, #1
 121 001e 0022     		movne	r2, #0
  20:bsp/can/bsp_can.c ****     can_filter_conf.SlaveStartFilterBank = 14;
 122              		.loc 1 20 42 view .LVU19
 123 0020 0492     		str	r2, [sp, #16]
  21:bsp/can/bsp_can.c ****     can_filter_conf.FilterBank = _instance->can_handle == &hcan1 ? (can1_filter_idx++) : (can2_filt
 124              		.loc 1 21 5 is_stmt 1 view .LVU20
  21:bsp/can/bsp_can.c ****     can_filter_conf.FilterBank = _instance->can_handle == &hcan1 ? (can1_filter_idx++) : (can2_filt
 125              		.loc 1 21 42 is_stmt 0 view .LVU21
 126 0022 0E22     		movs	r2, #14
 127 0024 0992     		str	r2, [sp, #36]
  22:bsp/can/bsp_can.c ****     can_filter_conf.FilterActivation = CAN_FILTER_ENABLE;
 128              		.loc 1 22 5 is_stmt 1 view .LVU22
  22:bsp/can/bsp_can.c ****     can_filter_conf.FilterActivation = CAN_FILTER_ENABLE;
 129              		.loc 1 22 43 is_stmt 0 view .LVU23
 130 0026 2068     		ldr	r0, [r4]	@ unaligned
  22:bsp/can/bsp_can.c ****     can_filter_conf.FilterActivation = CAN_FILTER_ENABLE;
 131              		.loc 1 22 88 view .LVU24
 132 0028 194A     		ldr	r2, .L13
 133 002a 9042     		cmp	r0, r2
 134 002c 17D0     		beq	.L11
  22:bsp/can/bsp_can.c ****     can_filter_conf.FilterActivation = CAN_FILTER_ENABLE;
 135              		.loc 1 22 106 discriminator 2 view .LVU25
 136 002e 1948     		ldr	r0, .L13+4
 137 0030 0278     		ldrb	r2, [r0]	@ zero_extendqisi2
 138 0032 02F1010C 		add	ip, r2, #1
 139 0036 80F800C0 		strb	ip, [r0]
 140              	.L7:
  22:bsp/can/bsp_can.c ****     can_filter_conf.FilterActivation = CAN_FILTER_ENABLE;
 141              		.loc 1 22 32 discriminator 4 view .LVU26
 142 003a 0592     		str	r2, [sp, #20]
  23:bsp/can/bsp_can.c **** 
 143              		.loc 1 23 5 is_stmt 1 view .LVU27
  23:bsp/can/bsp_can.c **** 
 144              		.loc 1 23 38 is_stmt 0 view .LVU28
 145 003c 0122     		movs	r2, #1
 146 003e 0892     		str	r2, [sp, #32]
  25:bsp/can/bsp_can.c ****     {
 147              		.loc 1 25 5 is_stmt 1 view .LVU29
  25:bsp/can/bsp_can.c ****     {
 148              		.loc 1 25 26 is_stmt 0 view .LVU30
 149 0040 E268     		ldr	r2, [r4, #12]	@ unaligned
  25:bsp/can/bsp_can.c ****     {
 150              		.loc 1 25 8 view .LVU31
 151 0042 042A     		cmp	r2, #4
ARM GAS  C:\Users\lenovo\AppData\Local\Temp\ccI7ptmR.s 			page 5


 152 0044 12D0     		beq	.L12
  37:bsp/can/bsp_can.c ****         can_filter_conf.FilterScale = CAN_FILTERSCALE_16BIT;
 153              		.loc 1 37 9 is_stmt 1 view .LVU32
  37:bsp/can/bsp_can.c ****         can_filter_conf.FilterScale = CAN_FILTERSCALE_16BIT;
 154              		.loc 1 37 36 is_stmt 0 view .LVU33
 155 0046 0122     		movs	r2, #1
 156 0048 0692     		str	r2, [sp, #24]
  38:bsp/can/bsp_can.c ****         can_filter_conf.FilterIdHigh = (uint16_t)(_instance->rx_id << 5);
 157              		.loc 1 38 9 is_stmt 1 view .LVU34
  39:bsp/can/bsp_can.c ****         can_filter_conf.FilterIdLow = (uint16_t)(_instance->rx_id << 5);
 158              		.loc 1 39 9 view .LVU35
  39:bsp/can/bsp_can.c ****         can_filter_conf.FilterIdLow = (uint16_t)(_instance->rx_id << 5);
 159              		.loc 1 39 40 is_stmt 0 view .LVU36
 160 004a 5B01     		lsls	r3, r3, #5
 161 004c 9BB2     		uxth	r3, r3
  39:bsp/can/bsp_can.c ****         can_filter_conf.FilterIdLow = (uint16_t)(_instance->rx_id << 5);
 162              		.loc 1 39 38 view .LVU37
 163 004e 0093     		str	r3, [sp]
  40:bsp/can/bsp_can.c ****         can_filter_conf.FilterMaskIdHigh = 0x0000;
 164              		.loc 1 40 9 is_stmt 1 view .LVU38
  40:bsp/can/bsp_can.c ****         can_filter_conf.FilterMaskIdHigh = 0x0000;
 165              		.loc 1 40 37 is_stmt 0 view .LVU39
 166 0050 0193     		str	r3, [sp, #4]
  41:bsp/can/bsp_can.c ****         can_filter_conf.FilterMaskIdLow = 0x0000;
 167              		.loc 1 41 9 is_stmt 1 view .LVU40
  42:bsp/can/bsp_can.c ****     }
 168              		.loc 1 42 9 view .LVU41
 169              	.LVL10:
 170              	.L9:
  45:bsp/can/bsp_can.c **** }
 171              		.loc 1 45 5 view .LVU42
 172 0052 6946     		mov	r1, sp
 173 0054 2068     		ldr	r0, [r4]	@ unaligned
 174 0056 FFF7FEFF 		bl	HAL_CAN_ConfigFilter
 175              	.LVL11:
  46:bsp/can/bsp_can.c **** 
 176              		.loc 1 46 1 is_stmt 0 view .LVU43
 177 005a 0AB0     		add	sp, sp, #40
 178              	.LCFI3:
 179              		.cfi_remember_state
 180              		.cfi_def_cfa_offset 8
 181              		@ sp needed
 182 005c 10BD     		pop	{r4, pc}
 183              	.LVL12:
 184              	.L11:
 185              	.LCFI4:
 186              		.cfi_restore_state
  22:bsp/can/bsp_can.c ****     can_filter_conf.FilterActivation = CAN_FILTER_ENABLE;
 187              		.loc 1 22 84 discriminator 1 view .LVU44
 188 005e 0E48     		ldr	r0, .L13+8
 189 0060 0278     		ldrb	r2, [r0]	@ zero_extendqisi2
 190 0062 02F1010C 		add	ip, r2, #1
 191 0066 80F800C0 		strb	ip, [r0]
 192 006a E6E7     		b	.L7
 193              	.L12:
  27:bsp/can/bsp_can.c ****         can_filter_conf.FilterScale = CAN_FILTERSCALE_32BIT;
 194              		.loc 1 27 9 is_stmt 1 view .LVU45
ARM GAS  C:\Users\lenovo\AppData\Local\Temp\ccI7ptmR.s 			page 6


  28:bsp/can/bsp_can.c ****         can_filter_conf.FilterIdHigh = (uint16_t)((ext_id >> 13) & 0xFFFF);
 195              		.loc 1 28 9 view .LVU46
  28:bsp/can/bsp_can.c ****         can_filter_conf.FilterIdHigh = (uint16_t)((ext_id >> 13) & 0xFFFF);
 196              		.loc 1 28 37 is_stmt 0 view .LVU47
 197 006c 0123     		movs	r3, #1
 198 006e 0793     		str	r3, [sp, #28]
  29:bsp/can/bsp_can.c ****         can_filter_conf.FilterIdLow = (uint16_t)(((ext_id << 3) & 0xFFF8) | CAN_ID_EXT);
 199              		.loc 1 29 9 is_stmt 1 view .LVU48
  29:bsp/can/bsp_can.c ****         can_filter_conf.FilterIdLow = (uint16_t)(((ext_id << 3) & 0xFFF8) | CAN_ID_EXT);
 200              		.loc 1 29 38 is_stmt 0 view .LVU49
 201 0070 C1F34F33 		ubfx	r3, r1, #13, #16
 202 0074 0093     		str	r3, [sp]
  30:bsp/can/bsp_can.c ****         can_filter_conf.FilterMaskIdHigh = 0xFFFF;
 203              		.loc 1 30 9 is_stmt 1 view .LVU50
  30:bsp/can/bsp_can.c ****         can_filter_conf.FilterMaskIdHigh = 0xFFFF;
 204              		.loc 1 30 59 is_stmt 0 view .LVU51
 205 0076 C900     		lsls	r1, r1, #3
 206              	.LVL13:
  30:bsp/can/bsp_can.c ****         can_filter_conf.FilterMaskIdHigh = 0xFFFF;
 207              		.loc 1 30 59 view .LVU52
 208 0078 89B2     		uxth	r1, r1
  30:bsp/can/bsp_can.c ****         can_filter_conf.FilterMaskIdHigh = 0xFFFF;
 209              		.loc 1 30 39 view .LVU53
 210 007a 41F00401 		orr	r1, r1, #4
  30:bsp/can/bsp_can.c ****         can_filter_conf.FilterMaskIdHigh = 0xFFFF;
 211              		.loc 1 30 37 view .LVU54
 212 007e 0191     		str	r1, [sp, #4]
  31:bsp/can/bsp_can.c ****         can_filter_conf.FilterMaskIdLow = 0xFFFC;
 213              		.loc 1 31 9 is_stmt 1 view .LVU55
  31:bsp/can/bsp_can.c ****         can_filter_conf.FilterMaskIdLow = 0xFFFC;
 214              		.loc 1 31 42 is_stmt 0 view .LVU56
 215 0080 4FF6FF73 		movw	r3, #65535
 216 0084 0293     		str	r3, [sp, #8]
  32:bsp/can/bsp_can.c ****     }
 217              		.loc 1 32 9 is_stmt 1 view .LVU57
  32:bsp/can/bsp_can.c ****     }
 218              		.loc 1 32 41 is_stmt 0 view .LVU58
 219 0086 4FF6FC73 		movw	r3, #65532
 220 008a 0393     		str	r3, [sp, #12]
 221 008c E1E7     		b	.L9
 222              	.L14:
 223 008e 00BF     		.align	2
 224              	.L13:
 225 0090 00000000 		.word	hcan1
 226 0094 00000000 		.word	can2_filter_idx.3
 227 0098 00000000 		.word	can1_filter_idx.4
 228              		.cfi_endproc
 229              	.LFE238:
 231              		.section	.text.CANFIFOxCallback,"ax",%progbits
 232              		.align	1
 233              		.syntax unified
 234              		.thumb
 235              		.thumb_func
 237              	CANFIFOxCallback:
 238              	.LVL14:
 239              	.LFB243:
  57:bsp/can/bsp_can.c **** 
ARM GAS  C:\Users\lenovo\AppData\Local\Temp\ccI7ptmR.s 			page 7


  58:bsp/can/bsp_can.c **** /* ----------------------- two extern callable function -----------------------*/
  59:bsp/can/bsp_can.c **** 
  60:bsp/can/bsp_can.c **** CANInstance *CANRegister(CAN_Init_Config_s *config)
  61:bsp/can/bsp_can.c **** {
  62:bsp/can/bsp_can.c ****     if (!idx)
  63:bsp/can/bsp_can.c ****     {
  64:bsp/can/bsp_can.c ****         CANServiceInit();
  65:bsp/can/bsp_can.c ****         LOGINFO("[bsp_can] CAN Service Init");
  66:bsp/can/bsp_can.c ****     }
  67:bsp/can/bsp_can.c ****     if (idx >= CAN_MX_REGISTER_CNT)
  68:bsp/can/bsp_can.c ****     {
  69:bsp/can/bsp_can.c ****         while (1)
  70:bsp/can/bsp_can.c ****             LOGERROR("[bsp_can] CAN instance exceeded MAX num, consider balance the load of CAN bus
  71:bsp/can/bsp_can.c ****     }
  72:bsp/can/bsp_can.c ****     for (size_t i = 0; i < idx; i++)
  73:bsp/can/bsp_can.c ****     {
  74:bsp/can/bsp_can.c ****         if (can_instance[i]->tx_id == config->tx_id && can_instance[i]->rx_id == config->rx_id &&
  75:bsp/can/bsp_can.c ****             can_instance[i]->can_handle == config->can_handle)
  76:bsp/can/bsp_can.c ****         {
  77:bsp/can/bsp_can.c ****             while (1)
  78:bsp/can/bsp_can.c ****                 LOGERROR("[}bsp_can] CAN id crash ,tx [%d] or rx [%d] already registered", &config-
  79:bsp/can/bsp_can.c ****         }
  80:bsp/can/bsp_can.c ****     }
  81:bsp/can/bsp_can.c **** 
  82:bsp/can/bsp_can.c ****     CANInstance *instance = (CANInstance *)malloc(sizeof(CANInstance));
  83:bsp/can/bsp_can.c ****     memset(instance, 0, sizeof(CANInstance));
  84:bsp/can/bsp_can.c ****     instance->txconf.StdId = config->tx_id;
  85:bsp/can/bsp_can.c ****     instance->txconf.IDE = config->mode;
  86:bsp/can/bsp_can.c ****     instance->txconf.RTR = CAN_RTR_DATA;
  87:bsp/can/bsp_can.c ****     instance->txconf.DLC = 0x08;
  88:bsp/can/bsp_can.c **** 
  89:bsp/can/bsp_can.c ****     instance->can_handle = config->can_handle;
  90:bsp/can/bsp_can.c ****     instance->tx_id = config->tx_id;
  91:bsp/can/bsp_can.c ****     instance->rx_id = config->rx_id;
  92:bsp/can/bsp_can.c ****     instance->ext_id = config->ext_id;
  93:bsp/can/bsp_can.c ****     instance->can_module_callback = config->can_module_callback;
  94:bsp/can/bsp_can.c ****     instance->id = config->id;
  95:bsp/can/bsp_can.c **** 
  96:bsp/can/bsp_can.c ****     CANAddFilter(instance);
  97:bsp/can/bsp_can.c ****     can_instance[idx++] = instance;
  98:bsp/can/bsp_can.c ****     return instance;
  99:bsp/can/bsp_can.c **** }
 100:bsp/can/bsp_can.c **** 
 101:bsp/can/bsp_can.c **** uint8_t CANTransmit(CANInstance *_instance, float timeout)
 102:bsp/can/bsp_can.c **** {
 103:bsp/can/bsp_can.c ****     uint32_t TxMailbox;
 104:bsp/can/bsp_can.c ****     static uint32_t busy_count;
 105:bsp/can/bsp_can.c ****     static volatile float wait_time __attribute__((unused));
 106:bsp/can/bsp_can.c ****     float dwt_start = DWT_GetTimeline_ms();
 107:bsp/can/bsp_can.c ****     while (HAL_CAN_GetTxMailboxesFreeLevel(_instance->can_handle) == 0)
 108:bsp/can/bsp_can.c ****     {
 109:bsp/can/bsp_can.c ****         if (DWT_GetTimeline_ms() - dwt_start > timeout)
 110:bsp/can/bsp_can.c ****         {
 111:bsp/can/bsp_can.c ****             LOGWARNING("[bsp_can] CAN MAILbox full! failed to add msg to mailbox. Cnt [%d]", busy_c
 112:bsp/can/bsp_can.c ****             busy_count++;
 113:bsp/can/bsp_can.c ****             return 0;
 114:bsp/can/bsp_can.c ****         }
ARM GAS  C:\Users\lenovo\AppData\Local\Temp\ccI7ptmR.s 			page 8


 115:bsp/can/bsp_can.c ****     }
 116:bsp/can/bsp_can.c ****     wait_time = DWT_GetTimeline_ms() - dwt_start;
 117:bsp/can/bsp_can.c ****     if (HAL_CAN_AddTxMessage(_instance->can_handle, &_instance->txconf, _instance->tx_buff, &TxMail
 118:bsp/can/bsp_can.c ****     {
 119:bsp/can/bsp_can.c ****         LOGWARNING("[bsp_can] CAN bus BUS! cnt:%d", busy_count);
 120:bsp/can/bsp_can.c ****         busy_count++;
 121:bsp/can/bsp_can.c ****         return 0;
 122:bsp/can/bsp_can.c ****     }
 123:bsp/can/bsp_can.c ****     return 1;
 124:bsp/can/bsp_can.c **** }
 125:bsp/can/bsp_can.c **** 
 126:bsp/can/bsp_can.c **** void CANSetDLC(CANInstance *_instance, uint8_t length)
 127:bsp/can/bsp_can.c **** {
 128:bsp/can/bsp_can.c ****     if (length > 8 || length == 0)
 129:bsp/can/bsp_can.c ****         while (1)
 130:bsp/can/bsp_can.c ****             LOGERROR("[bsp_can] CAN DLC error! check your code or wild pointer");
 131:bsp/can/bsp_can.c ****     _instance->txconf.DLC = length;
 132:bsp/can/bsp_can.c **** }
 133:bsp/can/bsp_can.c **** 
 134:bsp/can/bsp_can.c **** /* -----------------------belows are callback definitions--------------------------*/
 135:bsp/can/bsp_can.c **** 
 136:bsp/can/bsp_can.c **** static void CANFIFOxCallback(CAN_HandleTypeDef *_hcan, uint32_t fifox)
 137:bsp/can/bsp_can.c **** {
 240              		.loc 1 137 1 is_stmt 1 view -0
 241              		.cfi_startproc
 242              		@ args = 0, pretend = 0, frame = 8
 243              		@ frame_needed = 0, uses_anonymous_args = 0
 244              		.loc 1 137 1 is_stmt 0 view .LVU60
 245 0000 70B5     		push	{r4, r5, r6, lr}
 246              	.LCFI5:
 247              		.cfi_def_cfa_offset 16
 248              		.cfi_offset 4, -16
 249              		.cfi_offset 5, -12
 250              		.cfi_offset 6, -8
 251              		.cfi_offset 14, -4
 252 0002 82B0     		sub	sp, sp, #8
 253              	.LCFI6:
 254              		.cfi_def_cfa_offset 24
 255 0004 0446     		mov	r4, r0
 256 0006 0E46     		mov	r6, r1
 138:bsp/can/bsp_can.c ****     static CAN_RxHeaderTypeDef rxconf;
 257              		.loc 1 138 5 is_stmt 1 view .LVU61
 139:bsp/can/bsp_can.c ****     uint8_t can_rx_buff[8];
 258              		.loc 1 139 5 view .LVU62
 140:bsp/can/bsp_can.c ****     uint8_t is_target_std;
 259              		.loc 1 140 5 view .LVU63
 141:bsp/can/bsp_can.c ****     uint8_t is_target_ext;
 260              		.loc 1 141 5 view .LVU64
 142:bsp/can/bsp_can.c **** 
 143:bsp/can/bsp_can.c ****     while (HAL_CAN_GetRxFifoFillLevel(_hcan, fifox))
 261              		.loc 1 143 5 view .LVU65
 262              	.LVL15:
 263              	.L16:
 264              		.loc 1 143 12 view .LVU66
 265 0008 3146     		mov	r1, r6
 266 000a 2046     		mov	r0, r4
 267 000c FFF7FEFF 		bl	HAL_CAN_GetRxFifoFillLevel
ARM GAS  C:\Users\lenovo\AppData\Local\Temp\ccI7ptmR.s 			page 9


 268              	.LVL16:
 269              		.loc 1 143 12 is_stmt 0 discriminator 1 view .LVU67
 270 0010 80B3     		cbz	r0, .L15
 144:bsp/can/bsp_can.c ****     {
 145:bsp/can/bsp_can.c ****         HAL_CAN_GetRxMessage(_hcan, fifox, &rxconf, can_rx_buff);
 271              		.loc 1 145 9 is_stmt 1 view .LVU68
 272 0012 6B46     		mov	r3, sp
 273 0014 284A     		ldr	r2, .L36
 274 0016 3146     		mov	r1, r6
 275 0018 2046     		mov	r0, r4
 276 001a FFF7FEFF 		bl	HAL_CAN_GetRxMessage
 277              	.LVL17:
 146:bsp/can/bsp_can.c ****         for (size_t i = 0; i < idx; ++i)
 278              		.loc 1 146 9 view .LVU69
 279              	.LBB2:
 280              		.loc 1 146 14 view .LVU70
 281              		.loc 1 146 21 is_stmt 0 view .LVU71
 282 001e 0025     		movs	r5, #0
 283              	.LVL18:
 284              	.L17:
 285              		.loc 1 146 30 is_stmt 1 discriminator 1 view .LVU72
 286 0020 264B     		ldr	r3, .L36+4
 287 0022 1B78     		ldrb	r3, [r3]	@ zero_extendqisi2
 288 0024 AB42     		cmp	r3, r5
 289 0026 EFD9     		bls	.L16
 147:bsp/can/bsp_can.c ****         {
 148:bsp/can/bsp_can.c ****             is_target_std = _hcan == can_instance[i]->can_handle &&
 290              		.loc 1 148 13 view .LVU73
 291              		.loc 1 148 50 is_stmt 0 view .LVU74
 292 0028 254B     		ldr	r3, .L36+8
 293 002a 53F82510 		ldr	r1, [r3, r5, lsl #2]
 294              		.loc 1 148 53 view .LVU75
 295 002e 0A68     		ldr	r2, [r1]	@ unaligned
 149:bsp/can/bsp_can.c ****                             rxconf.IDE == CAN_ID_STD &&
 296              		.loc 1 149 54 view .LVU76
 297 0030 A242     		cmp	r2, r4
 298 0032 21D0     		beq	.L32
 299              		.loc 1 149 54 discriminator 2 view .LVU77
 300 0034 0023     		movs	r3, #0
 301              	.L18:
 148:bsp/can/bsp_can.c ****                             rxconf.IDE == CAN_ID_STD &&
 302              		.loc 1 148 27 view .LVU78
 303 0036 DBB2     		uxtb	r3, r3
 304              	.LVL19:
 150:bsp/can/bsp_can.c ****                             rxconf.StdId == can_instance[i]->rx_id;
 151:bsp/can/bsp_can.c ****             is_target_ext = _hcan == can_instance[i]->can_handle &&
 305              		.loc 1 151 13 is_stmt 1 view .LVU79
 152:bsp/can/bsp_can.c ****                             rxconf.IDE == CAN_ID_EXT &&
 306              		.loc 1 152 54 is_stmt 0 view .LVU80
 307 0038 A242     		cmp	r2, r4
 308 003a 2BD0     		beq	.L33
 309              		.loc 1 152 54 discriminator 2 view .LVU81
 310 003c 0022     		movs	r2, #0
 311              	.L19:
 151:bsp/can/bsp_can.c ****                             rxconf.IDE == CAN_ID_EXT &&
 312              		.loc 1 151 27 view .LVU82
 313 003e D2B2     		uxtb	r2, r2
ARM GAS  C:\Users\lenovo\AppData\Local\Temp\ccI7ptmR.s 			page 10


 314              	.LVL20:
 153:bsp/can/bsp_can.c ****                             rxconf.ExtId == can_instance[i]->ext_id;
 154:bsp/can/bsp_can.c **** 
 155:bsp/can/bsp_can.c ****             if (!(is_target_std || is_target_ext))
 315              		.loc 1 155 13 is_stmt 1 view .LVU83
 316              		.loc 1 155 16 is_stmt 0 view .LVU84
 317 0040 0BB9     		cbnz	r3, .L20
 318              		.loc 1 155 17 discriminator 1 view .LVU85
 319 0042 002A     		cmp	r2, #0
 320 0044 36D0     		beq	.L34
 321              	.L20:
 156:bsp/can/bsp_can.c ****                 continue;
 157:bsp/can/bsp_can.c **** 
 158:bsp/can/bsp_can.c ****             if (can_instance[i]->can_module_callback != NULL)
 322              		.loc 1 158 13 is_stmt 1 view .LVU86
 323              		.loc 1 158 32 is_stmt 0 view .LVU87
 324 0046 D1F83D30 		ldr	r3, [r1, #61]	@ unaligned
 325              	.LVL21:
 326              		.loc 1 158 16 view .LVU88
 327 004a 7BB1     		cbz	r3, .L21
 159:bsp/can/bsp_can.c ****             {
 160:bsp/can/bsp_can.c ****                 can_instance[i]->rx_len = rxconf.DLC;
 328              		.loc 1 160 17 is_stmt 1 view .LVU89
 329              		.loc 1 160 49 is_stmt 0 view .LVU90
 330 004c 1A4B     		ldr	r3, .L36
 331 004e 1A69     		ldr	r2, [r3, #16]
 332              	.LVL22:
 333              		.loc 1 160 41 view .LVU91
 334 0050 81F83820 		strb	r2, [r1, #56]
 161:bsp/can/bsp_can.c ****                 memcpy(can_instance[i]->rx_buff, can_rx_buff, rxconf.DLC);
 335              		.loc 1 161 17 is_stmt 1 view .LVU92
 336              		.loc 1 161 36 is_stmt 0 view .LVU93
 337 0054 1A4C     		ldr	r4, .L36+8
 338              	.LVL23:
 339              		.loc 1 161 36 view .LVU94
 340 0056 54F82500 		ldr	r0, [r4, r5, lsl #2]
 341              		.loc 1 161 17 view .LVU95
 342 005a 6946     		mov	r1, sp
 343 005c 2C30     		adds	r0, r0, #44
 344 005e FFF7FEFF 		bl	memcpy
 345              	.LVL24:
 162:bsp/can/bsp_can.c ****                 can_instance[i]->can_module_callback(can_instance[i]);
 346              		.loc 1 162 17 is_stmt 1 view .LVU96
 347              		.loc 1 162 29 is_stmt 0 view .LVU97
 348 0062 54F82500 		ldr	r0, [r4, r5, lsl #2]
 349              		.loc 1 162 32 view .LVU98
 350 0066 D0F83D30 		ldr	r3, [r0, #61]	@ unaligned
 351              		.loc 1 162 17 view .LVU99
 352 006a 9847     		blx	r3
 353              	.LVL25:
 354              	.L21:
 163:bsp/can/bsp_can.c ****             }
 164:bsp/can/bsp_can.c **** 
 165:bsp/can/bsp_can.c ****             rxconf.ExtId = 0;
 355              		.loc 1 165 13 is_stmt 1 view .LVU100
 356              		.loc 1 165 26 is_stmt 0 view .LVU101
 357 006c 124B     		ldr	r3, .L36
ARM GAS  C:\Users\lenovo\AppData\Local\Temp\ccI7ptmR.s 			page 11


 358 006e 0022     		movs	r2, #0
 359 0070 5A60     		str	r2, [r3, #4]
 166:bsp/can/bsp_can.c ****             rxconf.StdId = 0;
 360              		.loc 1 166 13 is_stmt 1 view .LVU102
 361              		.loc 1 166 26 is_stmt 0 view .LVU103
 362 0072 1A60     		str	r2, [r3]
 167:bsp/can/bsp_can.c ****             return;
 363              		.loc 1 167 13 is_stmt 1 view .LVU104
 364              	.LVL26:
 365              	.L15:
 366              		.loc 1 167 13 is_stmt 0 view .LVU105
 367              	.LBE2:
 168:bsp/can/bsp_can.c ****         }
 169:bsp/can/bsp_can.c ****     }
 170:bsp/can/bsp_can.c **** }
 368              		.loc 1 170 1 view .LVU106
 369 0074 02B0     		add	sp, sp, #8
 370              	.LCFI7:
 371              		.cfi_remember_state
 372              		.cfi_def_cfa_offset 16
 373              		@ sp needed
 374 0076 70BD     		pop	{r4, r5, r6, pc}
 375              	.LVL27:
 376              	.L32:
 377              	.LCFI8:
 378              		.cfi_restore_state
 379              	.LBB3:
 149:bsp/can/bsp_can.c ****                             rxconf.StdId == can_instance[i]->rx_id;
 380              		.loc 1 149 35 discriminator 1 view .LVU107
 381 0078 0F4B     		ldr	r3, .L36
 382 007a 9B68     		ldr	r3, [r3, #8]
 148:bsp/can/bsp_can.c ****                             rxconf.IDE == CAN_ID_STD &&
 383              		.loc 1 148 66 view .LVU108
 384 007c 33B9     		cbnz	r3, .L26
 150:bsp/can/bsp_can.c ****             is_target_ext = _hcan == can_instance[i]->can_handle &&
 385              		.loc 1 150 35 view .LVU109
 386 007e 0E4B     		ldr	r3, .L36
 387 0080 1868     		ldr	r0, [r3]
 150:bsp/can/bsp_can.c ****             is_target_ext = _hcan == can_instance[i]->can_handle &&
 388              		.loc 1 150 60 view .LVU110
 389 0082 4B6B     		ldr	r3, [r1, #52]	@ unaligned
 149:bsp/can/bsp_can.c ****                             rxconf.StdId == can_instance[i]->rx_id;
 390              		.loc 1 149 54 discriminator 4 view .LVU111
 391 0084 9842     		cmp	r0, r3
 392 0086 03D0     		beq	.L27
 149:bsp/can/bsp_can.c ****                             rxconf.StdId == can_instance[i]->rx_id;
 393              		.loc 1 149 54 discriminator 2 view .LVU112
 394 0088 0023     		movs	r3, #0
 395 008a D4E7     		b	.L18
 396              	.L26:
 397 008c 0023     		movs	r3, #0
 398 008e D2E7     		b	.L18
 399              	.L27:
 149:bsp/can/bsp_can.c ****                             rxconf.StdId == can_instance[i]->rx_id;
 400              		.loc 1 149 54 discriminator 3 view .LVU113
 401 0090 0123     		movs	r3, #1
 402 0092 D0E7     		b	.L18
ARM GAS  C:\Users\lenovo\AppData\Local\Temp\ccI7ptmR.s 			page 12


 403              	.LVL28:
 404              	.L33:
 152:bsp/can/bsp_can.c ****                             rxconf.ExtId == can_instance[i]->ext_id;
 405              		.loc 1 152 35 discriminator 1 view .LVU114
 406 0094 084A     		ldr	r2, .L36
 407 0096 9268     		ldr	r2, [r2, #8]
 151:bsp/can/bsp_can.c ****                             rxconf.IDE == CAN_ID_EXT &&
 408              		.loc 1 151 66 view .LVU115
 409 0098 042A     		cmp	r2, #4
 410 009a 01D0     		beq	.L35
 152:bsp/can/bsp_can.c ****                             rxconf.ExtId == can_instance[i]->ext_id;
 411              		.loc 1 152 54 discriminator 2 view .LVU116
 412 009c 0022     		movs	r2, #0
 413 009e CEE7     		b	.L19
 414              	.L35:
 153:bsp/can/bsp_can.c **** 
 415              		.loc 1 153 35 view .LVU117
 416 00a0 054A     		ldr	r2, .L36
 417 00a2 5068     		ldr	r0, [r2, #4]
 153:bsp/can/bsp_can.c **** 
 418              		.loc 1 153 60 view .LVU118
 419 00a4 D1F83920 		ldr	r2, [r1, #57]	@ unaligned
 152:bsp/can/bsp_can.c ****                             rxconf.ExtId == can_instance[i]->ext_id;
 420              		.loc 1 152 54 discriminator 4 view .LVU119
 421 00a8 9042     		cmp	r0, r2
 422 00aa 01D0     		beq	.L30
 152:bsp/can/bsp_can.c ****                             rxconf.ExtId == can_instance[i]->ext_id;
 423              		.loc 1 152 54 discriminator 2 view .LVU120
 424 00ac 0022     		movs	r2, #0
 425 00ae C6E7     		b	.L19
 426              	.L30:
 152:bsp/can/bsp_can.c ****                             rxconf.ExtId == can_instance[i]->ext_id;
 427              		.loc 1 152 54 discriminator 3 view .LVU121
 428 00b0 0122     		movs	r2, #1
 429 00b2 C4E7     		b	.L19
 430              	.LVL29:
 431              	.L34:
 156:bsp/can/bsp_can.c **** 
 432              		.loc 1 156 17 is_stmt 1 view .LVU122
 146:bsp/can/bsp_can.c ****         {
 433              		.loc 1 146 37 discriminator 2 view .LVU123
 434 00b4 0135     		adds	r5, r5, #1
 435              	.LVL30:
 146:bsp/can/bsp_can.c ****         {
 436              		.loc 1 146 37 is_stmt 0 discriminator 2 view .LVU124
 437 00b6 B3E7     		b	.L17
 438              	.L37:
 439              		.align	2
 440              	.L36:
 441 00b8 00000000 		.word	rxconf.0
 442 00bc 00000000 		.word	idx
 443 00c0 00000000 		.word	can_instance
 444              	.LBE3:
 445              		.cfi_endproc
 446              	.LFE243:
 448              		.section	.text.CANRegister,"ax",%progbits
 449              		.align	1
ARM GAS  C:\Users\lenovo\AppData\Local\Temp\ccI7ptmR.s 			page 13


 450              		.global	CANRegister
 451              		.syntax unified
 452              		.thumb
 453              		.thumb_func
 455              	CANRegister:
 456              	.LVL31:
 457              	.LFB240:
  61:bsp/can/bsp_can.c ****     if (!idx)
 458              		.loc 1 61 1 is_stmt 1 view -0
 459              		.cfi_startproc
 460              		@ args = 0, pretend = 0, frame = 0
 461              		@ frame_needed = 0, uses_anonymous_args = 0
  61:bsp/can/bsp_can.c ****     if (!idx)
 462              		.loc 1 61 1 is_stmt 0 view .LVU126
 463 0000 38B5     		push	{r3, r4, r5, lr}
 464              	.LCFI9:
 465              		.cfi_def_cfa_offset 16
 466              		.cfi_offset 3, -16
 467              		.cfi_offset 4, -12
 468              		.cfi_offset 5, -8
 469              		.cfi_offset 14, -4
 470 0002 0446     		mov	r4, r0
  62:bsp/can/bsp_can.c ****     {
 471              		.loc 1 62 5 is_stmt 1 view .LVU127
  62:bsp/can/bsp_can.c ****     {
 472              		.loc 1 62 9 is_stmt 0 view .LVU128
 473 0004 264B     		ldr	r3, .L49
 474 0006 1B78     		ldrb	r3, [r3]	@ zero_extendqisi2
  62:bsp/can/bsp_can.c ****     {
 475              		.loc 1 62 8 view .LVU129
 476 0008 33B1     		cbz	r3, .L47
 477              	.LVL32:
 478              	.L39:
  65:bsp/can/bsp_can.c ****     }
 479              		.loc 1 65 46 is_stmt 1 view .LVU130
  67:bsp/can/bsp_can.c ****     {
 480              		.loc 1 67 5 view .LVU131
  67:bsp/can/bsp_can.c ****     {
 481              		.loc 1 67 13 is_stmt 0 view .LVU132
 482 000a 254B     		ldr	r3, .L49
 483 000c 93F800C0 		ldrb	ip, [r3]	@ zero_extendqisi2
  67:bsp/can/bsp_can.c ****     {
 484              		.loc 1 67 8 view .LVU133
 485 0010 BCF10F0F 		cmp	ip, #15
 486 0014 16D9     		bls	.L45
 487              	.L41:
  69:bsp/can/bsp_can.c ****             LOGERROR("[bsp_can] CAN instance exceeded MAX num, consider balance the load of CAN bus
 488              		.loc 1 69 9 is_stmt 1 view .LVU134
  69:bsp/can/bsp_can.c ****             LOGERROR("[bsp_can] CAN instance exceeded MAX num, consider balance the load of CAN bus
 489              		.loc 1 69 15 view .LVU135
 490 0016 FEE7     		b	.L41
 491              	.LVL33:
 492              	.L47:
  64:bsp/can/bsp_can.c ****         LOGINFO("[bsp_can] CAN Service Init");
 493              		.loc 1 64 9 view .LVU136
 494 0018 FFF7FEFF 		bl	CANServiceInit
 495              	.LVL34:
ARM GAS  C:\Users\lenovo\AppData\Local\Temp\ccI7ptmR.s 			page 14


  64:bsp/can/bsp_can.c ****         LOGINFO("[bsp_can] CAN Service Init");
 496              		.loc 1 64 9 is_stmt 0 view .LVU137
 497 001c F5E7     		b	.L39
 498              	.LVL35:
 499              	.L42:
 500              	.LBB4:
  72:bsp/can/bsp_can.c ****     {
 501              		.loc 1 72 34 is_stmt 1 discriminator 2 view .LVU138
 502 001e 0133     		adds	r3, r3, #1
 503              	.LVL36:
 504              	.L40:
  72:bsp/can/bsp_can.c ****     {
 505              		.loc 1 72 26 discriminator 1 view .LVU139
 506 0020 9C45     		cmp	ip, r3
 507 0022 11D9     		bls	.L48
  74:bsp/can/bsp_can.c ****             can_instance[i]->can_handle == config->can_handle)
 508              		.loc 1 74 9 view .LVU140
  74:bsp/can/bsp_can.c ****             can_instance[i]->can_handle == config->can_handle)
 509              		.loc 1 74 25 is_stmt 0 view .LVU141
 510 0024 1F4A     		ldr	r2, .L49+4
 511 0026 52F82320 		ldr	r2, [r2, r3, lsl #2]
  74:bsp/can/bsp_can.c ****             can_instance[i]->can_handle == config->can_handle)
 512              		.loc 1 74 28 view .LVU142
 513 002a D069     		ldr	r0, [r2, #28]	@ unaligned
  74:bsp/can/bsp_can.c ****             can_instance[i]->can_handle == config->can_handle)
 514              		.loc 1 74 45 view .LVU143
 515 002c 6168     		ldr	r1, [r4, #4]
  74:bsp/can/bsp_can.c ****             can_instance[i]->can_handle == config->can_handle)
 516              		.loc 1 74 12 view .LVU144
 517 002e 8842     		cmp	r0, r1
 518 0030 F5D1     		bne	.L42
  74:bsp/can/bsp_can.c ****             can_instance[i]->can_handle == config->can_handle)
 519              		.loc 1 74 71 discriminator 1 view .LVU145
 520 0032 506B     		ldr	r0, [r2, #52]	@ unaligned
  74:bsp/can/bsp_can.c ****             can_instance[i]->can_handle == config->can_handle)
 521              		.loc 1 74 88 discriminator 1 view .LVU146
 522 0034 A168     		ldr	r1, [r4, #8]
  74:bsp/can/bsp_can.c ****             can_instance[i]->can_handle == config->can_handle)
 523              		.loc 1 74 53 discriminator 1 view .LVU147
 524 0036 8842     		cmp	r0, r1
 525 0038 F1D1     		bne	.L42
  75:bsp/can/bsp_can.c ****         {
 526              		.loc 1 75 28 view .LVU148
 527 003a 1168     		ldr	r1, [r2]	@ unaligned
  75:bsp/can/bsp_can.c ****         {
 528              		.loc 1 75 50 view .LVU149
 529 003c 2268     		ldr	r2, [r4]
  74:bsp/can/bsp_can.c ****             can_instance[i]->can_handle == config->can_handle)
 530              		.loc 1 74 96 discriminator 2 view .LVU150
 531 003e 9142     		cmp	r1, r2
 532 0040 EDD1     		bne	.L42
 533              	.L43:
  77:bsp/can/bsp_can.c ****                 LOGERROR("[}bsp_can] CAN id crash ,tx [%d] or rx [%d] already registered", &config-
 534              		.loc 1 77 13 is_stmt 1 view .LVU151
  77:bsp/can/bsp_can.c ****                 LOGERROR("[}bsp_can] CAN id crash ,tx [%d] or rx [%d] already registered", &config-
 535              		.loc 1 77 19 view .LVU152
 536 0042 FEE7     		b	.L43
ARM GAS  C:\Users\lenovo\AppData\Local\Temp\ccI7ptmR.s 			page 15


 537              	.LVL37:
 538              	.L45:
  72:bsp/can/bsp_can.c ****     {
 539              		.loc 1 72 17 is_stmt 0 view .LVU153
 540 0044 0023     		movs	r3, #0
 541 0046 EBE7     		b	.L40
 542              	.LVL38:
 543              	.L48:
  72:bsp/can/bsp_can.c ****     {
 544              		.loc 1 72 17 view .LVU154
 545              	.LBE4:
  82:bsp/can/bsp_can.c ****     memset(instance, 0, sizeof(CANInstance));
 546              		.loc 1 82 5 is_stmt 1 view .LVU155
  82:bsp/can/bsp_can.c ****     memset(instance, 0, sizeof(CANInstance));
 547              		.loc 1 82 44 is_stmt 0 view .LVU156
 548 0048 4520     		movs	r0, #69
 549 004a FFF7FEFF 		bl	malloc
 550              	.LVL39:
  82:bsp/can/bsp_can.c ****     memset(instance, 0, sizeof(CANInstance));
 551              		.loc 1 82 44 view .LVU157
 552 004e 0546     		mov	r5, r0
 553              	.LVL40:
  83:bsp/can/bsp_can.c ****     instance->txconf.StdId = config->tx_id;
 554              		.loc 1 83 5 is_stmt 1 view .LVU158
 555 0050 4522     		movs	r2, #69
 556 0052 0021     		movs	r1, #0
 557 0054 FFF7FEFF 		bl	memset
 558              	.LVL41:
  84:bsp/can/bsp_can.c ****     instance->txconf.IDE = config->mode;
 559              		.loc 1 84 5 view .LVU159
  84:bsp/can/bsp_can.c ****     instance->txconf.IDE = config->mode;
 560              		.loc 1 84 36 is_stmt 0 view .LVU160
 561 0058 6268     		ldr	r2, [r4, #4]
  84:bsp/can/bsp_can.c ****     instance->txconf.IDE = config->mode;
 562              		.loc 1 84 28 view .LVU161
 563 005a 6A60     		str	r2, [r5, #4]	@ unaligned
  85:bsp/can/bsp_can.c ****     instance->txconf.RTR = CAN_RTR_DATA;
 564              		.loc 1 85 5 is_stmt 1 view .LVU162
  85:bsp/can/bsp_can.c ****     instance->txconf.RTR = CAN_RTR_DATA;
 565              		.loc 1 85 34 is_stmt 0 view .LVU163
 566 005c 2369     		ldr	r3, [r4, #16]
  85:bsp/can/bsp_can.c ****     instance->txconf.RTR = CAN_RTR_DATA;
 567              		.loc 1 85 26 view .LVU164
 568 005e EB60     		str	r3, [r5, #12]	@ unaligned
  86:bsp/can/bsp_can.c ****     instance->txconf.DLC = 0x08;
 569              		.loc 1 86 5 is_stmt 1 view .LVU165
  87:bsp/can/bsp_can.c **** 
 570              		.loc 1 87 5 view .LVU166
  87:bsp/can/bsp_can.c **** 
 571              		.loc 1 87 26 is_stmt 0 view .LVU167
 572 0060 0023     		movs	r3, #0
 573 0062 0821     		movs	r1, #8
 574 0064 2975     		strb	r1, [r5, #20]
 575 0066 6B75     		strb	r3, [r5, #21]
 576 0068 AB75     		strb	r3, [r5, #22]
 577 006a EB75     		strb	r3, [r5, #23]
  89:bsp/can/bsp_can.c ****     instance->tx_id = config->tx_id;
ARM GAS  C:\Users\lenovo\AppData\Local\Temp\ccI7ptmR.s 			page 16


 578              		.loc 1 89 5 is_stmt 1 view .LVU168
  89:bsp/can/bsp_can.c ****     instance->tx_id = config->tx_id;
 579              		.loc 1 89 34 is_stmt 0 view .LVU169
 580 006c 2368     		ldr	r3, [r4]
  89:bsp/can/bsp_can.c ****     instance->tx_id = config->tx_id;
 581              		.loc 1 89 26 view .LVU170
 582 006e 2B60     		str	r3, [r5]	@ unaligned
  90:bsp/can/bsp_can.c ****     instance->rx_id = config->rx_id;
 583              		.loc 1 90 5 is_stmt 1 view .LVU171
  90:bsp/can/bsp_can.c ****     instance->rx_id = config->rx_id;
 584              		.loc 1 90 21 is_stmt 0 view .LVU172
 585 0070 EA61     		str	r2, [r5, #28]	@ unaligned
  91:bsp/can/bsp_can.c ****     instance->ext_id = config->ext_id;
 586              		.loc 1 91 5 is_stmt 1 view .LVU173
  91:bsp/can/bsp_can.c ****     instance->ext_id = config->ext_id;
 587              		.loc 1 91 29 is_stmt 0 view .LVU174
 588 0072 A368     		ldr	r3, [r4, #8]
  91:bsp/can/bsp_can.c ****     instance->ext_id = config->ext_id;
 589              		.loc 1 91 21 view .LVU175
 590 0074 6B63     		str	r3, [r5, #52]	@ unaligned
  92:bsp/can/bsp_can.c ****     instance->can_module_callback = config->can_module_callback;
 591              		.loc 1 92 5 is_stmt 1 view .LVU176
  92:bsp/can/bsp_can.c ****     instance->can_module_callback = config->can_module_callback;
 592              		.loc 1 92 30 is_stmt 0 view .LVU177
 593 0076 E368     		ldr	r3, [r4, #12]
  92:bsp/can/bsp_can.c ****     instance->can_module_callback = config->can_module_callback;
 594              		.loc 1 92 22 view .LVU178
 595 0078 C5F83930 		str	r3, [r5, #57]	@ unaligned
  93:bsp/can/bsp_can.c ****     instance->id = config->id;
 596              		.loc 1 93 5 is_stmt 1 view .LVU179
  93:bsp/can/bsp_can.c ****     instance->id = config->id;
 597              		.loc 1 93 43 is_stmt 0 view .LVU180
 598 007c 6369     		ldr	r3, [r4, #20]
  93:bsp/can/bsp_can.c ****     instance->id = config->id;
 599              		.loc 1 93 35 view .LVU181
 600 007e C5F83D30 		str	r3, [r5, #61]	@ unaligned
  94:bsp/can/bsp_can.c **** 
 601              		.loc 1 94 5 is_stmt 1 view .LVU182
  94:bsp/can/bsp_can.c **** 
 602              		.loc 1 94 26 is_stmt 0 view .LVU183
 603 0082 A369     		ldr	r3, [r4, #24]
  94:bsp/can/bsp_can.c **** 
 604              		.loc 1 94 18 view .LVU184
 605 0084 C5F84130 		str	r3, [r5, #65]	@ unaligned
  96:bsp/can/bsp_can.c ****     can_instance[idx++] = instance;
 606              		.loc 1 96 5 is_stmt 1 view .LVU185
 607 0088 2846     		mov	r0, r5
 608 008a FFF7FEFF 		bl	CANAddFilter
 609              	.LVL42:
  97:bsp/can/bsp_can.c ****     return instance;
 610              		.loc 1 97 5 view .LVU186
  97:bsp/can/bsp_can.c ****     return instance;
 611              		.loc 1 97 21 is_stmt 0 view .LVU187
 612 008e 044A     		ldr	r2, .L49
 613 0090 1378     		ldrb	r3, [r2]	@ zero_extendqisi2
 614 0092 591C     		adds	r1, r3, #1
 615 0094 1170     		strb	r1, [r2]
ARM GAS  C:\Users\lenovo\AppData\Local\Temp\ccI7ptmR.s 			page 17


  97:bsp/can/bsp_can.c ****     return instance;
 616              		.loc 1 97 25 view .LVU188
 617 0096 034A     		ldr	r2, .L49+4
 618 0098 42F82350 		str	r5, [r2, r3, lsl #2]
  98:bsp/can/bsp_can.c **** }
 619              		.loc 1 98 5 is_stmt 1 view .LVU189
  99:bsp/can/bsp_can.c **** 
 620              		.loc 1 99 1 is_stmt 0 view .LVU190
 621 009c 2846     		mov	r0, r5
 622 009e 38BD     		pop	{r3, r4, r5, pc}
 623              	.LVL43:
 624              	.L50:
  99:bsp/can/bsp_can.c **** 
 625              		.loc 1 99 1 view .LVU191
 626              		.align	2
 627              	.L49:
 628 00a0 00000000 		.word	idx
 629 00a4 00000000 		.word	can_instance
 630              		.cfi_endproc
 631              	.LFE240:
 633              		.section	.text.CANTransmit,"ax",%progbits
 634              		.align	1
 635              		.global	CANTransmit
 636              		.syntax unified
 637              		.thumb
 638              		.thumb_func
 640              	CANTransmit:
 641              	.LVL44:
 642              	.LFB241:
 102:bsp/can/bsp_can.c ****     uint32_t TxMailbox;
 643              		.loc 1 102 1 is_stmt 1 view -0
 644              		.cfi_startproc
 645              		@ args = 0, pretend = 0, frame = 8
 646              		@ frame_needed = 0, uses_anonymous_args = 0
 102:bsp/can/bsp_can.c ****     uint32_t TxMailbox;
 647              		.loc 1 102 1 is_stmt 0 view .LVU193
 648 0000 10B5     		push	{r4, lr}
 649              	.LCFI10:
 650              		.cfi_def_cfa_offset 8
 651              		.cfi_offset 4, -8
 652              		.cfi_offset 14, -4
 653 0002 2DED028B 		vpush.64	{d8}
 654              	.LCFI11:
 655              		.cfi_def_cfa_offset 16
 656              		.cfi_offset 80, -16
 657              		.cfi_offset 81, -12
 658 0006 82B0     		sub	sp, sp, #8
 659              	.LCFI12:
 660              		.cfi_def_cfa_offset 24
 661 0008 0446     		mov	r4, r0
 662 000a F0EE408A 		vmov.f32	s17, s0
 103:bsp/can/bsp_can.c ****     static uint32_t busy_count;
 663              		.loc 1 103 5 is_stmt 1 view .LVU194
 104:bsp/can/bsp_can.c ****     static volatile float wait_time __attribute__((unused));
 664              		.loc 1 104 5 view .LVU195
 105:bsp/can/bsp_can.c ****     float dwt_start = DWT_GetTimeline_ms();
 665              		.loc 1 105 5 view .LVU196
ARM GAS  C:\Users\lenovo\AppData\Local\Temp\ccI7ptmR.s 			page 18


 106:bsp/can/bsp_can.c ****     while (HAL_CAN_GetTxMailboxesFreeLevel(_instance->can_handle) == 0)
 666              		.loc 1 106 5 view .LVU197
 106:bsp/can/bsp_can.c ****     while (HAL_CAN_GetTxMailboxesFreeLevel(_instance->can_handle) == 0)
 667              		.loc 1 106 23 is_stmt 0 view .LVU198
 668 000e FFF7FEFF 		bl	DWT_GetTimeline_ms
 669              	.LVL45:
 106:bsp/can/bsp_can.c ****     while (HAL_CAN_GetTxMailboxesFreeLevel(_instance->can_handle) == 0)
 670              		.loc 1 106 23 view .LVU199
 671 0012 B0EE408A 		vmov.f32	s16, s0
 672              	.LVL46:
 107:bsp/can/bsp_can.c ****     {
 673              		.loc 1 107 5 is_stmt 1 view .LVU200
 674              	.L52:
 107:bsp/can/bsp_can.c ****     {
 675              		.loc 1 107 67 view .LVU201
 107:bsp/can/bsp_can.c ****     {
 676              		.loc 1 107 12 is_stmt 0 view .LVU202
 677 0016 2068     		ldr	r0, [r4]	@ unaligned
 678 0018 FFF7FEFF 		bl	HAL_CAN_GetTxMailboxesFreeLevel
 679              	.LVL47:
 107:bsp/can/bsp_can.c ****     {
 680              		.loc 1 107 67 discriminator 1 view .LVU203
 681 001c 88B9     		cbnz	r0, .L59
 109:bsp/can/bsp_can.c ****         {
 682              		.loc 1 109 9 is_stmt 1 view .LVU204
 109:bsp/can/bsp_can.c ****         {
 683              		.loc 1 109 13 is_stmt 0 view .LVU205
 684 001e FFF7FEFF 		bl	DWT_GetTimeline_ms
 685              	.LVL48:
 109:bsp/can/bsp_can.c ****         {
 686              		.loc 1 109 34 discriminator 1 view .LVU206
 687 0022 30EE480A 		vsub.f32	s0, s0, s16
 109:bsp/can/bsp_can.c ****         {
 688              		.loc 1 109 12 discriminator 1 view .LVU207
 689 0026 B4EEE80A 		vcmpe.f32	s0, s17
 690 002a F1EE10FA 		vmrs	APSR_nzcv, FPSCR
 691 002e F2DD     		ble	.L52
 111:bsp/can/bsp_can.c ****             busy_count++;
 692              		.loc 1 111 105 is_stmt 1 view .LVU208
 112:bsp/can/bsp_can.c ****             return 0;
 693              		.loc 1 112 13 view .LVU209
 112:bsp/can/bsp_can.c ****             return 0;
 694              		.loc 1 112 23 is_stmt 0 view .LVU210
 695 0030 104A     		ldr	r2, .L61
 696 0032 1368     		ldr	r3, [r2]
 697 0034 0133     		adds	r3, r3, #1
 698 0036 1360     		str	r3, [r2]
 113:bsp/can/bsp_can.c ****         }
 699              		.loc 1 113 13 is_stmt 1 view .LVU211
 113:bsp/can/bsp_can.c ****         }
 700              		.loc 1 113 20 is_stmt 0 view .LVU212
 701 0038 0020     		movs	r0, #0
 702              	.L54:
 124:bsp/can/bsp_can.c **** 
 703              		.loc 1 124 1 view .LVU213
 704 003a 02B0     		add	sp, sp, #8
 705              	.LCFI13:
ARM GAS  C:\Users\lenovo\AppData\Local\Temp\ccI7ptmR.s 			page 19


 706              		.cfi_remember_state
 707              		.cfi_def_cfa_offset 16
 708              		@ sp needed
 709 003c BDEC028B 		vldm	sp!, {d8}
 710              	.LCFI14:
 711              		.cfi_restore 80
 712              		.cfi_restore 81
 713              		.cfi_def_cfa_offset 8
 714              	.LVL49:
 124:bsp/can/bsp_can.c **** 
 715              		.loc 1 124 1 view .LVU214
 716 0040 10BD     		pop	{r4, pc}
 717              	.LVL50:
 718              	.L59:
 719              	.LCFI15:
 720              		.cfi_restore_state
 116:bsp/can/bsp_can.c ****     if (HAL_CAN_AddTxMessage(_instance->can_handle, &_instance->txconf, _instance->tx_buff, &TxMail
 721              		.loc 1 116 5 is_stmt 1 view .LVU215
 116:bsp/can/bsp_can.c ****     if (HAL_CAN_AddTxMessage(_instance->can_handle, &_instance->txconf, _instance->tx_buff, &TxMail
 722              		.loc 1 116 17 is_stmt 0 view .LVU216
 723 0042 FFF7FEFF 		bl	DWT_GetTimeline_ms
 724              	.LVL51:
 116:bsp/can/bsp_can.c ****     if (HAL_CAN_AddTxMessage(_instance->can_handle, &_instance->txconf, _instance->tx_buff, &TxMail
 725              		.loc 1 116 38 discriminator 1 view .LVU217
 726 0046 30EE480A 		vsub.f32	s0, s0, s16
 116:bsp/can/bsp_can.c ****     if (HAL_CAN_AddTxMessage(_instance->can_handle, &_instance->txconf, _instance->tx_buff, &TxMail
 727              		.loc 1 116 15 discriminator 1 view .LVU218
 728 004a 0B4B     		ldr	r3, .L61+4
 729 004c 83ED000A 		vstr.32	s0, [r3]
 117:bsp/can/bsp_can.c ****     {
 730              		.loc 1 117 5 is_stmt 1 view .LVU219
 117:bsp/can/bsp_can.c ****     {
 731              		.loc 1 117 9 is_stmt 0 view .LVU220
 732 0050 2146     		mov	r1, r4
 733 0052 51F8040B 		ldr	r0, [r1], #4	@ unaligned
 734 0056 01AB     		add	r3, sp, #4
 735 0058 04F12402 		add	r2, r4, #36
 736 005c FFF7FEFF 		bl	HAL_CAN_AddTxMessage
 737              	.LVL52:
 117:bsp/can/bsp_can.c ****     {
 738              		.loc 1 117 8 discriminator 1 view .LVU221
 739 0060 08B9     		cbnz	r0, .L60
 123:bsp/can/bsp_can.c **** }
 740              		.loc 1 123 12 view .LVU222
 741 0062 0120     		movs	r0, #1
 742 0064 E9E7     		b	.L54
 743              	.L60:
 119:bsp/can/bsp_can.c ****         busy_count++;
 744              		.loc 1 119 64 is_stmt 1 view .LVU223
 120:bsp/can/bsp_can.c ****         return 0;
 745              		.loc 1 120 9 view .LVU224
 120:bsp/can/bsp_can.c ****         return 0;
 746              		.loc 1 120 19 is_stmt 0 view .LVU225
 747 0066 034A     		ldr	r2, .L61
 748 0068 1368     		ldr	r3, [r2]
 749 006a 0133     		adds	r3, r3, #1
 750 006c 1360     		str	r3, [r2]
ARM GAS  C:\Users\lenovo\AppData\Local\Temp\ccI7ptmR.s 			page 20


 121:bsp/can/bsp_can.c ****     }
 751              		.loc 1 121 9 is_stmt 1 view .LVU226
 121:bsp/can/bsp_can.c ****     }
 752              		.loc 1 121 16 is_stmt 0 view .LVU227
 753 006e 0020     		movs	r0, #0
 754 0070 E3E7     		b	.L54
 755              	.L62:
 756 0072 00BF     		.align	2
 757              	.L61:
 758 0074 00000000 		.word	busy_count.2
 759 0078 00000000 		.word	wait_time.1
 760              		.cfi_endproc
 761              	.LFE241:
 763              		.section	.text.CANSetDLC,"ax",%progbits
 764              		.align	1
 765              		.global	CANSetDLC
 766              		.syntax unified
 767              		.thumb
 768              		.thumb_func
 770              	CANSetDLC:
 771              	.LVL53:
 772              	.LFB242:
 127:bsp/can/bsp_can.c ****     if (length > 8 || length == 0)
 773              		.loc 1 127 1 is_stmt 1 view -0
 774              		.cfi_startproc
 775              		@ args = 0, pretend = 0, frame = 0
 776              		@ frame_needed = 0, uses_anonymous_args = 0
 777              		@ link register save eliminated.
 128:bsp/can/bsp_can.c ****         while (1)
 778              		.loc 1 128 5 view .LVU229
 128:bsp/can/bsp_can.c ****         while (1)
 779              		.loc 1 128 20 is_stmt 0 view .LVU230
 780 0000 4B1E     		subs	r3, r1, #1
 781 0002 DBB2     		uxtb	r3, r3
 128:bsp/can/bsp_can.c ****         while (1)
 782              		.loc 1 128 8 view .LVU231
 783 0004 072B     		cmp	r3, #7
 784 0006 00D9     		bls	.L64
 785              	.L65:
 129:bsp/can/bsp_can.c ****             LOGERROR("[bsp_can] CAN DLC error! check your code or wild pointer");
 786              		.loc 1 129 9 is_stmt 1 view .LVU232
 129:bsp/can/bsp_can.c ****             LOGERROR("[bsp_can] CAN DLC error! check your code or wild pointer");
 787              		.loc 1 129 15 view .LVU233
 788 0008 FEE7     		b	.L65
 789              	.L64:
 131:bsp/can/bsp_can.c **** }
 790              		.loc 1 131 5 view .LVU234
 131:bsp/can/bsp_can.c **** }
 791              		.loc 1 131 27 is_stmt 0 view .LVU235
 792 000a 4161     		str	r1, [r0, #20]	@ unaligned
 132:bsp/can/bsp_can.c **** 
 793              		.loc 1 132 1 view .LVU236
 794 000c 7047     		bx	lr
 795              		.cfi_endproc
 796              	.LFE242:
 798              		.section	.text.HAL_CAN_RxFifo0MsgPendingCallback,"ax",%progbits
 799              		.align	1
ARM GAS  C:\Users\lenovo\AppData\Local\Temp\ccI7ptmR.s 			page 21


 800              		.global	HAL_CAN_RxFifo0MsgPendingCallback
 801              		.syntax unified
 802              		.thumb
 803              		.thumb_func
 805              	HAL_CAN_RxFifo0MsgPendingCallback:
 806              	.LVL54:
 807              	.LFB244:
 171:bsp/can/bsp_can.c **** 
 172:bsp/can/bsp_can.c **** void HAL_CAN_RxFifo0MsgPendingCallback(CAN_HandleTypeDef *hcan)
 173:bsp/can/bsp_can.c **** {
 808              		.loc 1 173 1 is_stmt 1 view -0
 809              		.cfi_startproc
 810              		@ args = 0, pretend = 0, frame = 0
 811              		@ frame_needed = 0, uses_anonymous_args = 0
 812              		.loc 1 173 1 is_stmt 0 view .LVU238
 813 0000 08B5     		push	{r3, lr}
 814              	.LCFI16:
 815              		.cfi_def_cfa_offset 8
 816              		.cfi_offset 3, -8
 817              		.cfi_offset 14, -4
 174:bsp/can/bsp_can.c ****     CANFIFOxCallback(hcan, CAN_RX_FIFO0);
 818              		.loc 1 174 5 is_stmt 1 view .LVU239
 819 0002 0021     		movs	r1, #0
 820 0004 FFF7FEFF 		bl	CANFIFOxCallback
 821              	.LVL55:
 175:bsp/can/bsp_can.c **** }
 822              		.loc 1 175 1 is_stmt 0 view .LVU240
 823 0008 08BD     		pop	{r3, pc}
 824              		.cfi_endproc
 825              	.LFE244:
 827              		.section	.text.HAL_CAN_RxFifo1MsgPendingCallback,"ax",%progbits
 828              		.align	1
 829              		.global	HAL_CAN_RxFifo1MsgPendingCallback
 830              		.syntax unified
 831              		.thumb
 832              		.thumb_func
 834              	HAL_CAN_RxFifo1MsgPendingCallback:
 835              	.LVL56:
 836              	.LFB245:
 176:bsp/can/bsp_can.c **** 
 177:bsp/can/bsp_can.c **** void HAL_CAN_RxFifo1MsgPendingCallback(CAN_HandleTypeDef *hcan)
 178:bsp/can/bsp_can.c **** {
 837              		.loc 1 178 1 is_stmt 1 view -0
 838              		.cfi_startproc
 839              		@ args = 0, pretend = 0, frame = 0
 840              		@ frame_needed = 0, uses_anonymous_args = 0
 841              		.loc 1 178 1 is_stmt 0 view .LVU242
 842 0000 08B5     		push	{r3, lr}
 843              	.LCFI17:
 844              		.cfi_def_cfa_offset 8
 845              		.cfi_offset 3, -8
 846              		.cfi_offset 14, -4
 179:bsp/can/bsp_can.c ****     CANFIFOxCallback(hcan, CAN_RX_FIFO1);
 847              		.loc 1 179 5 is_stmt 1 view .LVU243
 848 0002 0121     		movs	r1, #1
 849 0004 FFF7FEFF 		bl	CANFIFOxCallback
 850              	.LVL57:
ARM GAS  C:\Users\lenovo\AppData\Local\Temp\ccI7ptmR.s 			page 22


 180:bsp/can/bsp_can.c **** }
 851              		.loc 1 180 1 is_stmt 0 view .LVU244
 852 0008 08BD     		pop	{r3, pc}
 853              		.cfi_endproc
 854              	.LFE245:
 856              		.section	.bss.rxconf.0,"aw",%nobits
 857              		.align	2
 860              	rxconf.0:
 861 0000 00000000 		.space	28
 861      00000000 
 861      00000000 
 861      00000000 
 861      00000000 
 862              		.section	.bss.wait_time.1,"aw",%nobits
 863              		.align	2
 866              	wait_time.1:
 867 0000 00000000 		.space	4
 868              		.section	.bss.busy_count.2,"aw",%nobits
 869              		.align	2
 872              	busy_count.2:
 873 0000 00000000 		.space	4
 874              		.section	.data.can2_filter_idx.3,"aw"
 877              	can2_filter_idx.3:
 878 0000 0E       		.byte	14
 879              		.section	.bss.can1_filter_idx.4,"aw",%nobits
 882              	can1_filter_idx.4:
 883 0000 00       		.space	1
 884              		.section	.bss.idx,"aw",%nobits
 887              	idx:
 888 0000 00       		.space	1
 889              		.section	.bss.can_instance,"aw",%nobits
 890              		.align	2
 893              	can_instance:
 894 0000 00000000 		.space	64
 894      00000000 
 894      00000000 
 894      00000000 
 894      00000000 
 895              		.text
 896              	.Letext0:
 897              		.file 2 "D:/msys2/mingw64/arm-none-eabi/include/machine/_default_types.h"
 898              		.file 3 "D:/msys2/mingw64/arm-none-eabi/include/sys/_stdint.h"
 899              		.file 4 "Drivers/CMSIS/Device/ST/STM32F4xx/Include/stm32f407xx.h"
 900              		.file 5 "Drivers/CMSIS/Device/ST/STM32F4xx/Include/stm32f4xx.h"
 901              		.file 6 "D:/msys2/mingw64/lib/gcc/arm-none-eabi/13.3.0/include/stddef.h"
 902              		.file 7 "Drivers/STM32F4xx_HAL_Driver/Inc/stm32f4xx_hal_def.h"
 903              		.file 8 "Drivers/STM32F4xx_HAL_Driver/Inc/stm32f4xx_hal_can.h"
 904              		.file 9 "Inc/can.h"
 905              		.file 10 "bsp/can/bsp_can.h"
 906              		.file 11 "D:/msys2/mingw64/arm-none-eabi/include/string.h"
 907              		.file 12 "D:/msys2/mingw64/arm-none-eabi/include/stdlib.h"
 908              		.file 13 "<built-in>"
 909              		.file 14 "bsp/dwt/bsp_dwt.h"
ARM GAS  C:\Users\lenovo\AppData\Local\Temp\ccI7ptmR.s 			page 23


DEFINED SYMBOLS
                            *ABS*:00000000 bsp_can.c
C:\Users\lenovo\AppData\Local\Temp\ccI7ptmR.s:21     .text.CANServiceInit:00000000 $t
C:\Users\lenovo\AppData\Local\Temp\ccI7ptmR.s:26     .text.CANServiceInit:00000000 CANServiceInit
C:\Users\lenovo\AppData\Local\Temp\ccI7ptmR.s:72     .text.CANServiceInit:00000034 $d
C:\Users\lenovo\AppData\Local\Temp\ccI7ptmR.s:78     .text.CANAddFilter:00000000 $t
C:\Users\lenovo\AppData\Local\Temp\ccI7ptmR.s:83     .text.CANAddFilter:00000000 CANAddFilter
C:\Users\lenovo\AppData\Local\Temp\ccI7ptmR.s:225    .text.CANAddFilter:00000090 $d
C:\Users\lenovo\AppData\Local\Temp\ccI7ptmR.s:877    .data.can2_filter_idx.3:00000000 can2_filter_idx.3
C:\Users\lenovo\AppData\Local\Temp\ccI7ptmR.s:882    .bss.can1_filter_idx.4:00000000 can1_filter_idx.4
C:\Users\lenovo\AppData\Local\Temp\ccI7ptmR.s:232    .text.CANFIFOxCallback:00000000 $t
C:\Users\lenovo\AppData\Local\Temp\ccI7ptmR.s:237    .text.CANFIFOxCallback:00000000 CANFIFOxCallback
C:\Users\lenovo\AppData\Local\Temp\ccI7ptmR.s:441    .text.CANFIFOxCallback:000000b8 $d
C:\Users\lenovo\AppData\Local\Temp\ccI7ptmR.s:860    .bss.rxconf.0:00000000 rxconf.0
C:\Users\lenovo\AppData\Local\Temp\ccI7ptmR.s:887    .bss.idx:00000000 idx
C:\Users\lenovo\AppData\Local\Temp\ccI7ptmR.s:893    .bss.can_instance:00000000 can_instance
C:\Users\lenovo\AppData\Local\Temp\ccI7ptmR.s:449    .text.CANRegister:00000000 $t
C:\Users\lenovo\AppData\Local\Temp\ccI7ptmR.s:455    .text.CANRegister:00000000 CANRegister
C:\Users\lenovo\AppData\Local\Temp\ccI7ptmR.s:628    .text.CANRegister:000000a0 $d
C:\Users\lenovo\AppData\Local\Temp\ccI7ptmR.s:634    .text.CANTransmit:00000000 $t
C:\Users\lenovo\AppData\Local\Temp\ccI7ptmR.s:640    .text.CANTransmit:00000000 CANTransmit
C:\Users\lenovo\AppData\Local\Temp\ccI7ptmR.s:758    .text.CANTransmit:00000074 $d
C:\Users\lenovo\AppData\Local\Temp\ccI7ptmR.s:872    .bss.busy_count.2:00000000 busy_count.2
C:\Users\lenovo\AppData\Local\Temp\ccI7ptmR.s:866    .bss.wait_time.1:00000000 wait_time.1
C:\Users\lenovo\AppData\Local\Temp\ccI7ptmR.s:764    .text.CANSetDLC:00000000 $t
C:\Users\lenovo\AppData\Local\Temp\ccI7ptmR.s:770    .text.CANSetDLC:00000000 CANSetDLC
C:\Users\lenovo\AppData\Local\Temp\ccI7ptmR.s:799    .text.HAL_CAN_RxFifo0MsgPendingCallback:00000000 $t
C:\Users\lenovo\AppData\Local\Temp\ccI7ptmR.s:805    .text.HAL_CAN_RxFifo0MsgPendingCallback:00000000 HAL_CAN_RxFifo0MsgPendingCallback
C:\Users\lenovo\AppData\Local\Temp\ccI7ptmR.s:828    .text.HAL_CAN_RxFifo1MsgPendingCallback:00000000 $t
C:\Users\lenovo\AppData\Local\Temp\ccI7ptmR.s:834    .text.HAL_CAN_RxFifo1MsgPendingCallback:00000000 HAL_CAN_RxFifo1MsgPendingCallback
C:\Users\lenovo\AppData\Local\Temp\ccI7ptmR.s:857    .bss.rxconf.0:00000000 $d
C:\Users\lenovo\AppData\Local\Temp\ccI7ptmR.s:863    .bss.wait_time.1:00000000 $d
C:\Users\lenovo\AppData\Local\Temp\ccI7ptmR.s:869    .bss.busy_count.2:00000000 $d
C:\Users\lenovo\AppData\Local\Temp\ccI7ptmR.s:883    .bss.can1_filter_idx.4:00000000 $d
C:\Users\lenovo\AppData\Local\Temp\ccI7ptmR.s:888    .bss.idx:00000000 $d
C:\Users\lenovo\AppData\Local\Temp\ccI7ptmR.s:890    .bss.can_instance:00000000 $d

UNDEFINED SYMBOLS
HAL_CAN_Start
HAL_CAN_ActivateNotification
hcan1
hcan2
memset
HAL_CAN_ConfigFilter
HAL_CAN_GetRxFifoFillLevel
HAL_CAN_GetRxMessage
memcpy
malloc
DWT_GetTimeline_ms
HAL_CAN_GetTxMailboxesFreeLevel
HAL_CAN_AddTxMessage
