ARM GAS  C:\Users\lenovo\AppData\Local\Temp\ccSGFfSQ.s 			page 1


   1              		.cpu cortex-m4
   2              		.arch armv7e-m
   3              		.fpu fpv4-sp-d16
   4              		.eabi_attribute 27, 1
   5              		.eabi_attribute 28, 1
   6              		.eabi_attribute 20, 1
   7              		.eabi_attribute 21, 1
   8              		.eabi_attribute 23, 3
   9              		.eabi_attribute 24, 1
  10              		.eabi_attribute 25, 1
  11              		.eabi_attribute 26, 1
  12              		.eabi_attribute 30, 1
  13              		.eabi_attribute 34, 1
  14              		.eabi_attribute 18, 4
  15              		.file	"robot_def.c"
  16              		.text
  17              	.Ltext0:
  18              		.cfi_sections	.debug_frame
  19              		.file 1 "application/robot_def.c"
  20              		.section	.text.RobotConfigInit,"ax",%progbits
  21              		.align	1
  22              		.global	RobotConfigInit
  23              		.syntax unified
  24              		.thumb
  25              		.thumb_func
  27              	RobotConfigInit:
  28              	.LVL0:
  29              	.LFB276:
   1:application/robot_def.c **** /**
   2:application/robot_def.c ****  * @file robot_def.h
   3:application/robot_def.c ****  * @author Zero lanmeiop@163.com
   4:application/robot_def.c ****  * @author Zero
   5:application/robot_def.c ****  * @version 0.1
   6:application/robot_def.c ****  * @date 2025-03-04
   7:application/robot_def.c ****  *
   8:application/robot_def.c ****  * @copyright Copyright (c) HNU YueLu EC 2022 all rights reserved
   9:application/robot_def.c ****  *
  10:application/robot_def.c ****  */
  11:application/robot_def.c **** #include "robot_def.h"
  12:application/robot_def.c **** 
  13:application/robot_def.c **** #include "infantry_config.h"
  14:application/robot_def.c **** #include "sentinel_config.h"
  15:application/robot_def.c **** #include "hero_config.h"
  16:application/robot_def.c **** 
  17:application/robot_def.c **** static Robot_Config_s *robot_instance = {NULL}; 
  18:application/robot_def.c **** 
  19:application/robot_def.c **** Robot_Config_s *RobotConfigInit(uint8_t id)
  20:application/robot_def.c **** {
  30              		.loc 1 20 1 view -0
  31              		.cfi_startproc
  32              		@ args = 0, pretend = 0, frame = 0
  33              		@ frame_needed = 0, uses_anonymous_args = 0
  34              		.loc 1 20 1 is_stmt 0 view .LVU1
  35 0000 38B5     		push	{r3, r4, r5, lr}
  36              	.LCFI0:
  37              		.cfi_def_cfa_offset 16
  38              		.cfi_offset 3, -16
ARM GAS  C:\Users\lenovo\AppData\Local\Temp\ccSGFfSQ.s 			page 2


  39              		.cfi_offset 4, -12
  40              		.cfi_offset 5, -8
  41              		.cfi_offset 14, -4
  42 0002 0546     		mov	r5, r0
  21:application/robot_def.c ****     Robot_Config_s *instance = (Robot_Config_s *)malloc(sizeof(Robot_Config_s));
  43              		.loc 1 21 5 is_stmt 1 view .LVU2
  44              		.loc 1 21 50 is_stmt 0 view .LVU3
  45 0004 4FF49B60 		mov	r0, #1240
  46              	.LVL1:
  47              		.loc 1 21 50 view .LVU4
  48 0008 FFF7FEFF 		bl	malloc
  49              	.LVL2:
  50 000c 0446     		mov	r4, r0
  51              	.LVL3:
  22:application/robot_def.c ****     memset(instance, 0, sizeof(Robot_Config_s));
  52              		.loc 1 22 5 is_stmt 1 view .LVU5
  53 000e 4FF49B62 		mov	r2, #1240
  54 0012 0021     		movs	r1, #0
  55 0014 FFF7FEFF 		bl	memset
  56              	.LVL4:
  23:application/robot_def.c **** 
  24:application/robot_def.c ****  //   if (id == ROBOT_ID)
  25:application/robot_def.c ****  //   {
  26:application/robot_def.c ****         switch (id)
  57              		.loc 1 26 9 view .LVU6
  58 0018 681E     		subs	r0, r5, #1
  59 001a 0628     		cmp	r0, #6
  60 001c 08D8     		bhi	.L2
  61 001e DFE800F0 		tbb	[pc, r0]
  62              	.L4:
  63 0022 04       		.byte	(.L8-.L4)/2
  64 0023 07       		.byte	(.L2-.L4)/2
  65 0024 0B       		.byte	(.L7-.L4)/2
  66 0025 10       		.byte	(.L6-.L4)/2
  67 0026 15       		.byte	(.L5-.L4)/2
  68 0027 07       		.byte	(.L2-.L4)/2
  69 0028 1A       		.byte	(.L3-.L4)/2
  70 0029 00       		.p2align 1
  71              	.L8:
  27:application/robot_def.c ****         {
  28:application/robot_def.c ****         case HERO_ROBOT:
  29:application/robot_def.c ****             instance = HeroConfigInit();
  72              		.loc 1 29 13 view .LVU7
  73              		.loc 1 29 24 is_stmt 0 view .LVU8
  74 002a FFF7FEFF 		bl	HeroConfigInit
  75              	.LVL5:
  76 002e 0446     		mov	r4, r0
  77              	.LVL6:
  30:application/robot_def.c ****             break;
  78              		.loc 1 30 13 is_stmt 1 view .LVU9
  79              	.L2:
  31:application/robot_def.c ****         case ENGINEER_ROBOT:
  32:application/robot_def.c ****             break;
  33:application/robot_def.c ****         case INFANTRY_ROBOT_3:
  34:application/robot_def.c ****             instance = InfantryConfigInit(INFANTRY_ROBOT_3);
  35:application/robot_def.c ****             break;
  36:application/robot_def.c ****         case INFANTRY_ROBOT_4:
ARM GAS  C:\Users\lenovo\AppData\Local\Temp\ccSGFfSQ.s 			page 3


  37:application/robot_def.c ****             instance = InfantryConfigInit(INFANTRY_ROBOT_4);
  38:application/robot_def.c ****             break;
  39:application/robot_def.c ****         case INFANTRY_ROBOT_5:
  40:application/robot_def.c ****             instance = InfantryConfigInit(INFANTRY_ROBOT_5);
  41:application/robot_def.c ****             break;
  42:application/robot_def.c ****         case AERIAL_ROBOT:
  43:application/robot_def.c ****             break;
  44:application/robot_def.c ****         case SENTINEL_ROBOT:
  45:application/robot_def.c ****             instance = SentinelConfigInit();
  46:application/robot_def.c ****             break;
  47:application/robot_def.c ****         case DART_ROBOT:
  48:application/robot_def.c ****             break;
  49:application/robot_def.c ****         default:
  50:application/robot_def.c ****             break;
  51:application/robot_def.c ****         }
  52:application/robot_def.c ****  //   }
  53:application/robot_def.c **** 
  54:application/robot_def.c ****     robot_instance = instance;
  80              		.loc 1 54 5 view .LVU10
  81              		.loc 1 54 20 is_stmt 0 view .LVU11
  82 0030 0B4B     		ldr	r3, .L11
  83 0032 1C60     		str	r4, [r3]
  55:application/robot_def.c ****     return instance;
  84              		.loc 1 55 5 is_stmt 1 view .LVU12
  56:application/robot_def.c **** }
  85              		.loc 1 56 1 is_stmt 0 view .LVU13
  86 0034 2046     		mov	r0, r4
  87 0036 38BD     		pop	{r3, r4, r5, pc}
  88              	.LVL7:
  89              	.L7:
  34:application/robot_def.c ****             break;
  90              		.loc 1 34 13 is_stmt 1 view .LVU14
  34:application/robot_def.c ****             break;
  91              		.loc 1 34 24 is_stmt 0 view .LVU15
  92 0038 0320     		movs	r0, #3
  93 003a FFF7FEFF 		bl	InfantryConfigInit
  94              	.LVL8:
  95 003e 0446     		mov	r4, r0
  96              	.LVL9:
  35:application/robot_def.c ****         case INFANTRY_ROBOT_4:
  97              		.loc 1 35 13 is_stmt 1 view .LVU16
  98 0040 F6E7     		b	.L2
  99              	.LVL10:
 100              	.L6:
  37:application/robot_def.c ****             break;
 101              		.loc 1 37 13 view .LVU17
  37:application/robot_def.c ****             break;
 102              		.loc 1 37 24 is_stmt 0 view .LVU18
 103 0042 0420     		movs	r0, #4
 104 0044 FFF7FEFF 		bl	InfantryConfigInit
 105              	.LVL11:
 106 0048 0446     		mov	r4, r0
 107              	.LVL12:
  38:application/robot_def.c ****         case INFANTRY_ROBOT_5:
 108              		.loc 1 38 13 is_stmt 1 view .LVU19
 109 004a F1E7     		b	.L2
 110              	.LVL13:
ARM GAS  C:\Users\lenovo\AppData\Local\Temp\ccSGFfSQ.s 			page 4


 111              	.L5:
  40:application/robot_def.c ****             break;
 112              		.loc 1 40 13 view .LVU20
  40:application/robot_def.c ****             break;
 113              		.loc 1 40 24 is_stmt 0 view .LVU21
 114 004c 0520     		movs	r0, #5
 115 004e FFF7FEFF 		bl	InfantryConfigInit
 116              	.LVL14:
 117 0052 0446     		mov	r4, r0
 118              	.LVL15:
  41:application/robot_def.c ****         case AERIAL_ROBOT:
 119              		.loc 1 41 13 is_stmt 1 view .LVU22
 120 0054 ECE7     		b	.L2
 121              	.LVL16:
 122              	.L3:
  45:application/robot_def.c ****             break;
 123              		.loc 1 45 13 view .LVU23
  45:application/robot_def.c ****             break;
 124              		.loc 1 45 24 is_stmt 0 view .LVU24
 125 0056 FFF7FEFF 		bl	SentinelConfigInit
 126              	.LVL17:
 127 005a 0446     		mov	r4, r0
 128              	.LVL18:
  46:application/robot_def.c ****         case DART_ROBOT:
 129              		.loc 1 46 13 is_stmt 1 view .LVU25
 130 005c E8E7     		b	.L2
 131              	.L12:
 132 005e 00BF     		.align	2
 133              	.L11:
 134 0060 00000000 		.word	robot_instance
 135              		.cfi_endproc
 136              	.LFE276:
 138              		.section	.text.ChassisConfigFeed,"ax",%progbits
 139              		.align	1
 140              		.global	ChassisConfigFeed
 141              		.syntax unified
 142              		.thumb
 143              		.thumb_func
 145              	ChassisConfigFeed:
 146              	.LFB277:
  57:application/robot_def.c **** 
  58:application/robot_def.c **** Chassis_Config_s *ChassisConfigFeed(void)
  59:application/robot_def.c **** {
 147              		.loc 1 59 1 view -0
 148              		.cfi_startproc
 149              		@ args = 0, pretend = 0, frame = 0
 150              		@ frame_needed = 0, uses_anonymous_args = 0
 151              		@ link register save eliminated.
  60:application/robot_def.c ****     return &robot_instance->chassis_param;
 152              		.loc 1 60 5 view .LVU27
  61:application/robot_def.c **** }
 153              		.loc 1 61 1 is_stmt 0 view .LVU28
 154 0000 014B     		ldr	r3, .L14
 155 0002 1868     		ldr	r0, [r3]
 156 0004 7047     		bx	lr
 157              	.L15:
 158 0006 00BF     		.align	2
ARM GAS  C:\Users\lenovo\AppData\Local\Temp\ccSGFfSQ.s 			page 5


 159              	.L14:
 160 0008 00000000 		.word	robot_instance
 161              		.cfi_endproc
 162              	.LFE277:
 164              		.section	.text.GimbalConfigFeed,"ax",%progbits
 165              		.align	1
 166              		.global	GimbalConfigFeed
 167              		.syntax unified
 168              		.thumb
 169              		.thumb_func
 171              	GimbalConfigFeed:
 172              	.LFB278:
  62:application/robot_def.c **** 
  63:application/robot_def.c **** Gimbal_Config_s *GimbalConfigFeed(void)
  64:application/robot_def.c **** {
 173              		.loc 1 64 1 is_stmt 1 view -0
 174              		.cfi_startproc
 175              		@ args = 0, pretend = 0, frame = 0
 176              		@ frame_needed = 0, uses_anonymous_args = 0
 177              		@ link register save eliminated.
  65:application/robot_def.c ****     return &robot_instance->gimbal_param;
 178              		.loc 1 65 5 view .LVU30
 179              		.loc 1 65 27 is_stmt 0 view .LVU31
 180 0000 024B     		ldr	r3, .L17
 181 0002 1868     		ldr	r0, [r3]
  66:application/robot_def.c **** }
 182              		.loc 1 66 1 view .LVU32
 183 0004 00F58670 		add	r0, r0, #268
 184 0008 7047     		bx	lr
 185              	.L18:
 186 000a 00BF     		.align	2
 187              	.L17:
 188 000c 00000000 		.word	robot_instance
 189              		.cfi_endproc
 190              	.LFE278:
 192              		.section	.text.ShootConfigFeed,"ax",%progbits
 193              		.align	1
 194              		.global	ShootConfigFeed
 195              		.syntax unified
 196              		.thumb
 197              		.thumb_func
 199              	ShootConfigFeed:
 200              	.LFB279:
  67:application/robot_def.c **** Shoot_Config_s *ShootConfigFeed(void)
  68:application/robot_def.c **** {
 201              		.loc 1 68 1 is_stmt 1 view -0
 202              		.cfi_startproc
 203              		@ args = 0, pretend = 0, frame = 0
 204              		@ frame_needed = 0, uses_anonymous_args = 0
 205              		@ link register save eliminated.
  69:application/robot_def.c ****     return &robot_instance->shoot_param;
 206              		.loc 1 69 5 view .LVU34
 207              		.loc 1 69 27 is_stmt 0 view .LVU35
 208 0000 024B     		ldr	r3, .L20
 209 0002 1868     		ldr	r0, [r3]
  70:application/robot_def.c **** }...
 210              		.loc 1 70 1 view .LVU36
ARM GAS  C:\Users\lenovo\AppData\Local\Temp\ccSGFfSQ.s 			page 6


 211 0004 00F55570 		add	r0, r0, #852
 212 0008 7047     		bx	lr
 213              	.L21:
 214 000a 00BF     		.align	2
 215              	.L20:
 216 000c 00000000 		.word	robot_instance
 217              		.cfi_endproc
 218              	.LFE279:
 220              		.section	.bss.robot_instance,"aw",%nobits
 221              		.align	2
 224              	robot_instance:
 225 0000 00000000 		.space	4
 226              		.text
 227              	.Letext0:
 228              		.file 2 "D:/msys2/mingw64/arm-none-eabi/include/machine/_default_types.h"
 229              		.file 3 "D:/msys2/mingw64/arm-none-eabi/include/sys/_stdint.h"
 230              		.file 4 "Drivers/CMSIS/Device/ST/STM32F4xx/Include/stm32f407xx.h"
 231              		.file 5 "Drivers/CMSIS/Device/ST/STM32F4xx/Include/stm32f4xx.h"
 232              		.file 6 "D:/msys2/mingw64/lib/gcc/arm-none-eabi/13.3.0/include/stddef.h"
 233              		.file 7 "Drivers/STM32F4xx_HAL_Driver/Inc/stm32f4xx_hal_can.h"
 234              		.file 8 "bsp/can/bsp_can.h"
 235              		.file 9 "modules/algorithm/controller.h"
 236              		.file 10 "modules/motor/motor_def.h"
 237              		.file 11 "application/config/config.h"
 238              		.file 12 "application/config/sentinel_robot/sentinel_config.h"
 239              		.file 13 "application/config/hero_robot/hero_config.h"
 240              		.file 14 "application/config/infantry_robot/infantry_config.h"
 241              		.file 15 "D:/msys2/mingw64/arm-none-eabi/include/string.h"
 242              		.file 16 "D:/msys2/mingw64/arm-none-eabi/include/stdlib.h"
 243              		.file 17 "<built-in>"
ARM GAS  C:\Users\lenovo\AppData\Local\Temp\ccSGFfSQ.s 			page 7


DEFINED SYMBOLS
                            *ABS*:00000000 robot_def.c
C:\Users\lenovo\AppData\Local\Temp\ccSGFfSQ.s:21     .text.RobotConfigInit:00000000 $t
C:\Users\lenovo\AppData\Local\Temp\ccSGFfSQ.s:27     .text.RobotConfigInit:00000000 RobotConfigInit
C:\Users\lenovo\AppData\Local\Temp\ccSGFfSQ.s:63     .text.RobotConfigInit:00000022 $d
C:\Users\lenovo\AppData\Local\Temp\ccSGFfSQ.s:134    .text.RobotConfigInit:00000060 $d
C:\Users\lenovo\AppData\Local\Temp\ccSGFfSQ.s:224    .bss.robot_instance:00000000 robot_instance
C:\Users\lenovo\AppData\Local\Temp\ccSGFfSQ.s:139    .text.ChassisConfigFeed:00000000 $t
C:\Users\lenovo\AppData\Local\Temp\ccSGFfSQ.s:145    .text.ChassisConfigFeed:00000000 ChassisConfigFeed
C:\Users\lenovo\AppData\Local\Temp\ccSGFfSQ.s:160    .text.ChassisConfigFeed:00000008 $d
C:\Users\lenovo\AppData\Local\Temp\ccSGFfSQ.s:165    .text.GimbalConfigFeed:00000000 $t
C:\Users\lenovo\AppData\Local\Temp\ccSGFfSQ.s:171    .text.GimbalConfigFeed:00000000 GimbalConfigFeed
C:\Users\lenovo\AppData\Local\Temp\ccSGFfSQ.s:188    .text.GimbalConfigFeed:0000000c $d
C:\Users\lenovo\AppData\Local\Temp\ccSGFfSQ.s:193    .text.ShootConfigFeed:00000000 $t
C:\Users\lenovo\AppData\Local\Temp\ccSGFfSQ.s:199    .text.ShootConfigFeed:00000000 ShootConfigFeed
C:\Users\lenovo\AppData\Local\Temp\ccSGFfSQ.s:216    .text.ShootConfigFeed:0000000c $d
C:\Users\lenovo\AppData\Local\Temp\ccSGFfSQ.s:221    .bss.robot_instance:00000000 $d
C:\Users\lenovo\AppData\Local\Temp\ccSGFfSQ.s:70     .text.RobotConfigInit:00000029 $d
C:\Users\lenovo\AppData\Local\Temp\ccSGFfSQ.s:70     .text.RobotConfigInit:0000002a $t

UNDEFINED SYMBOLS
malloc
memset
HeroConfigInit
InfantryConfigInit
SentinelConfigInit
